[debug] [2026-08-18T15:06:45.430Z] ----------------------------------------------------------------------
[debug] [2026-08-18T15:06:45.434Z] Command:       C:\Program Files\nodejs\node.exe C:\Users\moh_b\AppData\Roaming\npm\node_modules\firebase-tools\lib\bin\firebase.js deploy --only functions
[debug] [2026-08-18T15:06:45.435Z] CLI Version:   15.24.0
[debug] [2026-08-18T15:06:45.435Z] Platform:      win32
[debug] [2026-08-18T15:06:45.435Z] Node Version:  v20.18.0
[debug] [2026-08-18T15:06:45.436Z] Detected Agent: unknown
[debug] [2026-08-18T15:06:45.436Z] Time:          Tue Aug 18 2026 17:06:45 GMT+0200 (Midden-Europese zomertijd)
[debug] [2026-08-18T15:06:45.437Z] ----------------------------------------------------------------------
[debug] 
[debug] [2026-08-18T15:07:28.049Z] > command requires scopes: ["email","openid","https://www.googleapis.com/auth/cloudplatformprojects.readonly","https://www.googleapis.com/auth/firebase","https://www.googleapis.com/auth/cloud-platform"]
[debug] [2026-08-18T15:07:28.050Z] > authorizing via signed-in user (techify.ict@gmail.com)
[debug] [2026-08-18T15:07:28.050Z] [iam] checking project secufy-50bba for permissions ["cloudfunctions.functions.create","cloudfunctions.functions.delete","cloudfunctions.functions.get","cloudfunctions.functions.list","cloudfunctions.functions.update","cloudfunctions.operations.get","firebase.projects.get"]
[debug] [2026-08-18T15:07:28.054Z] Checked if tokens are valid: false, expires at: 1786996714242
[debug] [2026-08-18T15:07:28.055Z] Checked if tokens are valid: false, expires at: 1786996714242
[debug] [2026-08-18T15:07:28.055Z] > refreshing access token with scopes: []
[debug] [2026-08-18T15:07:28.059Z] >>> [apiv2][query] POST https://www.googleapis.com/oauth2/v3/token [none]
[debug] [2026-08-18T15:07:28.060Z] >>> [apiv2][body] POST https://www.googleapis.com/oauth2/v3/token [omitted]
[debug] [2026-08-18T15:07:28.302Z] <<< [apiv2][status] POST https://www.googleapis.com/oauth2/v3/token 200
[debug] [2026-08-18T15:07:28.303Z] <<< [apiv2][body] POST https://www.googleapis.com/oauth2/v3/token [omitted]
[debug] [2026-08-18T15:07:28.326Z] >>> [apiv2][query] POST https://cloudresourcemanager.googleapis.com/v1/projects/secufy-50bba:testIamPermissions [none]
[debug] [2026-08-18T15:07:28.326Z] >>> [apiv2][(partial)header] POST https://cloudresourcemanager.googleapis.com/v1/projects/secufy-50bba:testIamPermissions  x-goog-user-project=secufy-50bba
[debug] [2026-08-18T15:07:28.326Z] >>> [apiv2][body] POST https://cloudresourcemanager.googleapis.com/v1/projects/secufy-50bba:testIamPermissions {"permissions":["cloudfunctions.functions.create","cloudfunctions.functions.delete","cloudfunctions.functions.get","cloudfunctions.functions.list","cloudfunctions.functions.update","cloudfunctions.operations.get","firebase.projects.get"]}
[debug] [2026-08-18T15:07:29.079Z] <<< [apiv2][status] POST https://cloudresourcemanager.googleapis.com/v1/projects/secufy-50bba:testIamPermissions 200
[debug] [2026-08-18T15:07:29.079Z] <<< [apiv2][body] POST https://cloudresourcemanager.googleapis.com/v1/projects/secufy-50bba:testIamPermissions {"permissions":["cloudfunctions.functions.create","cloudfunctions.functions.delete","cloudfunctions.functions.get","cloudfunctions.functions.list","cloudfunctions.functions.update","cloudfunctions.operations.get","firebase.projects.get"]}
[debug] [2026-08-18T15:07:29.080Z] Checked if tokens are valid: true, expires at: 1787069247303
[debug] [2026-08-18T15:07:29.080Z] Checked if tokens are valid: true, expires at: 1787069247303
[debug] [2026-08-18T15:07:29.080Z] >>> [apiv2][query] POST https://iam.googleapis.com/v1/projects/secufy-50bba/serviceAccounts/secufy-50bba@appspot.gserviceaccount.com:testIamPermissions [none]
[debug] [2026-08-18T15:07:29.080Z] >>> [apiv2][body] POST https://iam.googleapis.com/v1/projects/secufy-50bba/serviceAccounts/secufy-50bba@appspot.gserviceaccount.com:testIamPermissions {"permissions":["iam.serviceAccounts.actAs"]}
[debug] [2026-08-18T15:07:29.782Z] <<< [apiv2][status] POST https://iam.googleapis.com/v1/projects/secufy-50bba/serviceAccounts/secufy-50bba@appspot.gserviceaccount.com:testIamPermissions 200
[debug] [2026-08-18T15:07:29.782Z] <<< [apiv2][body] POST https://iam.googleapis.com/v1/projects/secufy-50bba/serviceAccounts/secufy-50bba@appspot.gserviceaccount.com:testIamPermissions {"permissions":["iam.serviceAccounts.actAs"]}
[info] 
[info] === Deploying to 'secufy-50bba'...
[info] 
[info] i  deploying functions 
[info] +  functions: Finished running predeploy script. 
[debug] [2026-08-18T15:07:29.790Z] Checked if tokens are valid: true, expires at: 1787069247303
[debug] [2026-08-18T15:07:29.790Z] Checked if tokens are valid: true, expires at: 1787069247303
[debug] [2026-08-18T15:07:29.791Z] >>> [apiv2][query] GET https://cloudresourcemanager.googleapis.com/v1/projects/secufy-50bba [none]
[debug] [2026-08-18T15:07:29.978Z] <<< [apiv2][status] GET https://cloudresourcemanager.googleapis.com/v1/projects/secufy-50bba 200
[debug] [2026-08-18T15:07:29.978Z] <<< [apiv2][body] GET https://cloudresourcemanager.googleapis.com/v1/projects/secufy-50bba {"projectNumber":"873623578558","projectId":"secufy-50bba","lifecycleState":"ACTIVE","name":"Secufy","labels":{"firebase":"enabled","firebase-core":"disabled"},"createTime":"2025-11-01T00:16:53.780387Z"}
[info] i  functions: preparing codebase default for deployment 
[info] i  functions: ensuring required API cloudfunctions.googleapis.com is enabled... 
[info] i  functions: ensuring required API cloudbuild.googleapis.com is enabled... 
[info] i  artifactregistry: ensuring required API artifactregistry.googleapis.com is enabled... 
[debug] [2026-08-18T15:07:29.986Z] Checked if tokens are valid: true, expires at: 1787069247303
[debug] [2026-08-18T15:07:29.986Z] Checked if tokens are valid: true, expires at: 1787069247303
[debug] [2026-08-18T15:07:29.987Z] >>> [apiv2][query] GET https://firebase.googleapis.com/v1beta1/projects/secufy-50bba/adminSdkConfig [none]
[debug] [2026-08-18T15:07:30.885Z] <<< [apiv2][status] GET https://firebase.googleapis.com/v1beta1/projects/secufy-50bba/adminSdkConfig 200
[debug] [2026-08-18T15:07:30.885Z] <<< [apiv2][body] GET https://firebase.googleapis.com/v1beta1/projects/secufy-50bba/adminSdkConfig {"projectId":"secufy-50bba","storageBucket":"secufy-50bba.firebasestorage.app"}
[debug] [2026-08-18T15:07:30.886Z] Checked if tokens are valid: true, expires at: 1787069247303
[debug] [2026-08-18T15:07:30.886Z] Checked if tokens are valid: true, expires at: 1787069247303
[debug] [2026-08-18T15:07:30.886Z] >>> [apiv2][query] GET https://runtimeconfig.googleapis.com/v1beta1/projects/secufy-50bba/configs [none]
[debug] [2026-08-18T15:07:31.201Z] <<< [apiv2][status] GET https://runtimeconfig.googleapis.com/v1beta1/projects/secufy-50bba/configs 200
[debug] [2026-08-18T15:07:31.201Z] <<< [apiv2][body] GET https://runtimeconfig.googleapis.com/v1beta1/projects/secufy-50bba/configs {"configs":[{"name":"projects/secufy-50bba/configs/docai"},{"name":"projects/secufy-50bba/configs/smtp"}]}
[debug] [2026-08-18T15:07:31.201Z] Checked if tokens are valid: true, expires at: 1787069247303
[debug] [2026-08-18T15:07:31.201Z] Checked if tokens are valid: true, expires at: 1787069247303
[debug] [2026-08-18T15:07:31.202Z] Checked if tokens are valid: true, expires at: 1787069247303
[debug] [2026-08-18T15:07:31.202Z] Checked if tokens are valid: true, expires at: 1787069247303
[debug] [2026-08-18T15:07:31.202Z] >>> [apiv2][query] GET https://runtimeconfig.googleapis.com/v1beta1/projects/secufy-50bba/configs/docai/variables [none]
[debug] [2026-08-18T15:07:31.202Z] >>> [apiv2][query] GET https://runtimeconfig.googleapis.com/v1beta1/projects/secufy-50bba/configs/smtp/variables [none]
[debug] [2026-08-18T15:07:31.434Z] <<< [apiv2][status] GET https://runtimeconfig.googleapis.com/v1beta1/projects/secufy-50bba/configs/docai/variables 200
[debug] [2026-08-18T15:07:31.434Z] <<< [apiv2][body] GET https://runtimeconfig.googleapis.com/v1beta1/projects/secufy-50bba/configs/docai/variables {"variables":[{"name":"projects/secufy-50bba/configs/docai/variables/svpb_processor_id","updateTime":"2025-11-01T01:12:45.023818739Z"},{"name":"projects/secufy-50bba/configs/docai/variables/location","updateTime":"2025-11-01T01:12:45.039918999Z"},{"name":"projects/secufy-50bba/configs/docai/variables/processor_id","updateTime":"2025-11-01T01:12:37.099225677Z"},{"name":"projects/secufy-50bba/configs/docai/variables/project_id","updateTime":"2025-11-01T01:17:46.655324143Z"},{"name":"projects/secufy-50bba/configs/docai/variables/svpb_image_processor_id","updateTime":"2025-11-01T01:12:45.023985718Z"}]}
[debug] [2026-08-18T15:07:31.435Z] Checked if tokens are valid: true, expires at: 1787069247303
[debug] [2026-08-18T15:07:31.435Z] Checked if tokens are valid: true, expires at: 1787069247303
[debug] [2026-08-18T15:07:31.435Z] Checked if tokens are valid: true, expires at: 1787069247303
[debug] [2026-08-18T15:07:31.435Z] Checked if tokens are valid: true, expires at: 1787069247303
[debug] [2026-08-18T15:07:31.435Z] Checked if tokens are valid: true, expires at: 1787069247303
[debug] [2026-08-18T15:07:31.435Z] Checked if tokens are valid: true, expires at: 1787069247303
[debug] [2026-08-18T15:07:31.435Z] Checked if tokens are valid: true, expires at: 1787069247303
[debug] [2026-08-18T15:07:31.436Z] Checked if tokens are valid: true, expires at: 1787069247303
[debug] [2026-08-18T15:07:31.436Z] Checked if tokens are valid: true, expires at: 1787069247303
[debug] [2026-08-18T15:07:31.436Z] Checked if tokens are valid: true, expires at: 1787069247303
[debug] [2026-08-18T15:07:31.436Z] >>> [apiv2][query] GET https://runtimeconfig.googleapis.com/v1beta1/projects/secufy-50bba/configs/docai/variables/svpb_processor_id [none]
[debug] [2026-08-18T15:07:31.437Z] >>> [apiv2][query] GET https://runtimeconfig.googleapis.com/v1beta1/projects/secufy-50bba/configs/docai/variables/location [none]
[debug] [2026-08-18T15:07:31.439Z] >>> [apiv2][query] GET https://runtimeconfig.googleapis.com/v1beta1/projects/secufy-50bba/configs/docai/variables/processor_id [none]
[debug] [2026-08-18T15:07:31.441Z] >>> [apiv2][query] GET https://runtimeconfig.googleapis.com/v1beta1/projects/secufy-50bba/configs/docai/variables/project_id [none]
[debug] [2026-08-18T15:07:31.443Z] >>> [apiv2][query] GET https://runtimeconfig.googleapis.com/v1beta1/projects/secufy-50bba/configs/docai/variables/svpb_image_processor_id [none]
[debug] [2026-08-18T15:07:31.694Z] <<< [apiv2][status] GET https://runtimeconfig.googleapis.com/v1beta1/projects/secufy-50bba/configs/docai/variables/location 200
[debug] [2026-08-18T15:07:31.694Z] <<< [apiv2][body] GET https://runtimeconfig.googleapis.com/v1beta1/projects/secufy-50bba/configs/docai/variables/location {"name":"projects/secufy-50bba/configs/docai/variables/location","updateTime":"2025-11-01T01:12:45.039918999Z","text":"eu"}
[debug] [2026-08-18T15:07:31.728Z] <<< [apiv2][status] GET https://runtimeconfig.googleapis.com/v1beta1/projects/secufy-50bba/configs/docai/variables/svpb_image_processor_id 200
[debug] [2026-08-18T15:07:31.728Z] <<< [apiv2][body] GET https://runtimeconfig.googleapis.com/v1beta1/projects/secufy-50bba/configs/docai/variables/svpb_image_processor_id {"name":"projects/secufy-50bba/configs/docai/variables/svpb_image_processor_id","updateTime":"2025-11-01T01:12:45.023985718Z","text":"50e06faa8b72f144"}
[debug] [2026-08-18T15:07:31.729Z] <<< [apiv2][status] GET https://runtimeconfig.googleapis.com/v1beta1/projects/secufy-50bba/configs/docai/variables/processor_id 200
[debug] [2026-08-18T15:07:31.729Z] <<< [apiv2][body] GET https://runtimeconfig.googleapis.com/v1beta1/projects/secufy-50bba/configs/docai/variables/processor_id {"name":"projects/secufy-50bba/configs/docai/variables/processor_id","updateTime":"2025-11-01T01:12:37.099225677Z","text":"591b82ac714f1768"}
[debug] [2026-08-18T15:07:31.985Z] <<< [apiv2][status] GET https://runtimeconfig.googleapis.com/v1beta1/projects/secufy-50bba/configs/smtp/variables 200
[debug] [2026-08-18T15:07:31.986Z] <<< [apiv2][body] GET https://runtimeconfig.googleapis.com/v1beta1/projects/secufy-50bba/configs/smtp/variables {"variables":[{"name":"projects/secufy-50bba/configs/smtp/variables/port","updateTime":"2026-01-18T20:02:49.401539810Z"},{"name":"projects/secufy-50bba/configs/smtp/variables/user","updateTime":"2026-01-18T20:02:49.349459213Z"},{"name":"projects/secufy-50bba/configs/smtp/variables/host","updateTime":"2026-01-18T20:02:49.349413233Z"},{"name":"projects/secufy-50bba/configs/smtp/variables/pass","updateTime":"2026-01-18T20:02:49.867253328Z"}]}
[debug] [2026-08-18T15:07:31.986Z] Checked if tokens are valid: true, expires at: 1787069247303
[debug] [2026-08-18T15:07:31.986Z] Checked if tokens are valid: true, expires at: 1787069247303
[debug] [2026-08-18T15:07:31.986Z] Checked if tokens are valid: true, expires at: 1787069247303
[debug] [2026-08-18T15:07:31.986Z] Checked if tokens are valid: true, expires at: 1787069247303
[debug] [2026-08-18T15:07:31.986Z] Checked if tokens are valid: true, expires at: 1787069247303
[debug] [2026-08-18T15:07:31.986Z] Checked if tokens are valid: true, expires at: 1787069247303
[debug] [2026-08-18T15:07:31.986Z] Checked if tokens are valid: true, expires at: 1787069247303
[debug] [2026-08-18T15:07:31.986Z] Checked if tokens are valid: true, expires at: 1787069247303
[debug] [2026-08-18T15:07:31.986Z] >>> [apiv2][query] GET https://runtimeconfig.googleapis.com/v1beta1/projects/secufy-50bba/configs/smtp/variables/port [none]
[debug] [2026-08-18T15:07:31.987Z] >>> [apiv2][query] GET https://runtimeconfig.googleapis.com/v1beta1/projects/secufy-50bba/configs/smtp/variables/user [none]
[debug] [2026-08-18T15:07:31.988Z] >>> [apiv2][query] GET https://runtimeconfig.googleapis.com/v1beta1/projects/secufy-50bba/configs/smtp/variables/host [none]
[debug] [2026-08-18T15:07:31.988Z] >>> [apiv2][query] GET https://runtimeconfig.googleapis.com/v1beta1/projects/secufy-50bba/configs/smtp/variables/pass [none]
[debug] [2026-08-18T15:07:32.151Z] <<< [apiv2][status] GET https://runtimeconfig.googleapis.com/v1beta1/projects/secufy-50bba/configs/docai/variables/svpb_processor_id 200
[debug] [2026-08-18T15:07:32.152Z] <<< [apiv2][body] GET https://runtimeconfig.googleapis.com/v1beta1/projects/secufy-50bba/configs/docai/variables/svpb_processor_id {"name":"projects/secufy-50bba/configs/docai/variables/svpb_processor_id","updateTime":"2025-11-01T01:12:45.023818739Z","text":"ff614916062f4f46"}
[debug] [2026-08-18T15:07:32.155Z] <<< [apiv2][status] GET https://runtimeconfig.googleapis.com/v1beta1/projects/secufy-50bba/configs/smtp/variables/pass 200
[debug] [2026-08-18T15:07:32.155Z] <<< [apiv2][body] GET https://runtimeconfig.googleapis.com/v1beta1/projects/secufy-50bba/configs/smtp/variables/pass {"name":"projects/secufy-50bba/configs/smtp/variables/pass","updateTime":"2026-01-18T20:02:49.867253328Z","text":"SECUFY.sfenza.2023"}
[debug] [2026-08-18T15:07:32.181Z] <<< [apiv2][status] GET https://runtimeconfig.googleapis.com/v1beta1/projects/secufy-50bba/configs/docai/variables/project_id 200
[debug] [2026-08-18T15:07:32.182Z] <<< [apiv2][body] GET https://runtimeconfig.googleapis.com/v1beta1/projects/secufy-50bba/configs/docai/variables/project_id {"name":"projects/secufy-50bba/configs/docai/variables/project_id","updateTime":"2025-11-01T01:17:46.655324143Z","text":"366906003807"}
[debug] [2026-08-18T15:07:32.183Z] <<< [apiv2][status] GET https://runtimeconfig.googleapis.com/v1beta1/projects/secufy-50bba/configs/smtp/variables/port 200
[debug] [2026-08-18T15:07:32.183Z] <<< [apiv2][body] GET https://runtimeconfig.googleapis.com/v1beta1/projects/secufy-50bba/configs/smtp/variables/port {"name":"projects/secufy-50bba/configs/smtp/variables/port","updateTime":"2026-01-18T20:02:49.401539810Z","text":"587"}
[debug] [2026-08-18T15:07:32.254Z] <<< [apiv2][status] GET https://runtimeconfig.googleapis.com/v1beta1/projects/secufy-50bba/configs/smtp/variables/user 200
[debug] [2026-08-18T15:07:32.254Z] <<< [apiv2][body] GET https://runtimeconfig.googleapis.com/v1beta1/projects/secufy-50bba/configs/smtp/variables/user {"name":"projects/secufy-50bba/configs/smtp/variables/user","updateTime":"2026-01-18T20:02:49.349459213Z","text":"vraagje@secufy.nl"}
[debug] [2026-08-18T15:07:32.322Z] <<< [apiv2][status] GET https://runtimeconfig.googleapis.com/v1beta1/projects/secufy-50bba/configs/smtp/variables/host 200
[debug] [2026-08-18T15:07:32.322Z] <<< [apiv2][body] GET https://runtimeconfig.googleapis.com/v1beta1/projects/secufy-50bba/configs/smtp/variables/host {"name":"projects/secufy-50bba/configs/smtp/variables/host","updateTime":"2026-01-18T20:02:49.349413233Z","text":"smtp.hostnet.nl"}
[debug] [2026-08-18T15:07:32.325Z] Validating nodejs source
[warn] !  functions: Runtime Node.js 20 was deprecated on 2026-04-30 and will be decommissioned on 2026-10-30, after which you will not be able to deploy without upgrading. Consider upgrading now to avoid disruption. See https://cloud.google.com/functions/docs/runtime-support for full details on the lifecycle policy 
[warn] !  functions: package.json indicates an outdated version of firebase-functions. Please upgrade using npm install --save firebase-functions@latest in your functions directory. 
[warn] !  functions: Please note that there will be breaking changes when you upgrade. 
[debug] [2026-08-18T15:07:34.818Z] > [functions] package.json contents: {
  "name": "functions",
  "description": "Cloud Functions for Secufy Website",
  "scripts": {
    "serve": "firebase emulators:start --only functions",
    "shell": "firebase functions:shell",
    "start": "npm run shell",
    "deploy": "firebase deploy --only functions",
    "logs": "firebase functions:log"
  },
  "engines": {
    "node": "20"
  },
  "main": "index.js",
  "dependencies": {
    "cors": "^2.8.5",
    "dotenv": "^17.2.3",
    "firebase-admin": "^11.8.0",
    "firebase-functions": "^4.3.1",
    "nodemailer": "^6.9.3"
  },
  "devDependencies": {
    "firebase-functions-test": "^3.1.0"
  },
  "private": true
}
[debug] [2026-08-18T15:07:34.819Z] Building nodejs source
[info] i  functions: Loading and analyzing source code for codebase default to determine what to deploy 
[info] i  functions: You are using a version of firebase-functions SDK (4.9.0) that does not have support for the newest Firebase Extensions features. Please update firebase-functions SDK to >=5.1.0 to use them correctly 
[debug] [2026-08-18T15:07:34.821Z] Could not find functions.yaml. Must use http discovery
[debug] [2026-08-18T15:07:34.849Z] Found firebase-functions binary at 'C:\Users\moh_b\CascadeProjects\windsurf-project-8\functions\node_modules\.bin\firebase-functions'
[info] Serving at port 8036

[info] [dotenv@17.2.3] injecting env (4) from .env -- tip: ⚙️  override existing env vars with { override: true }

[debug] [2026-08-18T15:07:37.460Z] Got response from /__/functions.yaml {"endpoints":{"sendEmail":{"platform":"gcfv1","availableMemoryMb":null,"timeoutSeconds":null,"minInstances":null,"maxInstances":null,"ingressSettings":null,"serviceAccountEmail":null,"vpc":null,"httpsTrigger":{},"entryPoint":"sendEmail"},"onQuotationCreated":{"platform":"gcfv1","availableMemoryMb":null,"timeoutSeconds":null,"minInstances":null,"maxInstances":null,"ingressSettings":null,"serviceAccountEmail":null,"vpc":null,"eventTrigger":{"eventType":"providers/cloud.firestore/eventTypes/document.create","eventFilters":{"resource":"projects/secufy-50bba/databases/(default)/documents/quotations/{quotationId}"},"retry":false},"labels":{},"entryPoint":"onQuotationCreated"},"onComplaintCreated":{"platform":"gcfv1","availableMemoryMb":null,"timeoutSeconds":null,"minInstances":null,"maxInstances":null,"ingressSettings":null,"serviceAccountEmail":null,"vpc":null,"eventTrigger":{"eventType":"providers/cloud.firestore/eventTypes/document.create","eventFilters":{"resource":"projects/secufy-50bba/databases/(default)/documents/complaints/{complaintId}"},"retry":false},"labels":{},"entryPoint":"onComplaintCreated"},"onRecruitmentCreated":{"platform":"gcfv1","availableMemoryMb":null,"timeoutSeconds":null,"minInstances":null,"maxInstances":null,"ingressSettings":null,"serviceAccountEmail":null,"vpc":null,"eventTrigger":{"eventType":"providers/cloud.firestore/eventTypes/document.create","eventFilters":{"resource":"projects/secufy-50bba/databases/(default)/documents/recruitment/{recruitmentId}"},"retry":false},"labels":{},"entryPoint":"onRecruitmentCreated"}},"specVersion":"v1alpha1","requiredAPIs":[]}
[debug] [2026-08-18T15:07:40.533Z] Checked if tokens are valid: true, expires at: 1787069247303
[debug] [2026-08-18T15:07:40.533Z] Checked if tokens are valid: true, expires at: 1787069247303
[debug] [2026-08-18T15:07:40.534Z] >>> [apiv2][query] GET https://cloudfunctions.googleapis.com/v1/projects/secufy-50bba/locations/-/functions [none]
[debug] [2026-08-18T15:07:41.217Z] <<< [apiv2][status] GET https://cloudfunctions.googleapis.com/v1/projects/secufy-50bba/locations/-/functions 200
[debug] [2026-08-18T15:07:41.217Z] <<< [apiv2][body] GET https://cloudfunctions.googleapis.com/v1/projects/secufy-50bba/locations/-/functions {"functions":[{"name":"projects/secufy-50bba/locations/europe-west1/functions/sendPoliceEmail","httpsTrigger":{"url":"https://europe-west1-secufy-50bba.cloudfunctions.net/sendPoliceEmail","securityLevel":"SECURE_ALWAYS"},"status":"ACTIVE","entryPoint":"sendPoliceEmail","timeout":"60s","availableMemoryMb":256,"serviceAccountEmail":"secufy-50bba@appspot.gserviceaccount.com","updateTime":"2026-08-09T12:37:55.222776369Z","versionId":"14","labels":{"deployment-tool":"cli-firebase","firebase-functions-hash":"97a28979afd6bb050fecf9f3d08add430493b9aa"},"sourceUploadUrl":"https://storage.googleapis.com/uploads-390354051669.europe-west1.cloudfunctions.appspot.com/e2c111ed-00bb-4e7f-9f1c-b7728465bc13.zip","environmentVariables":{"FIREBASE_CONFIG":"{\"projectId\":\"secufy-50bba\",\"storageBucket\":\"secufy-50bba.firebasestorage.app\"}","GCLOUD_PROJECT":"secufy-50bba","EVENTARC_CLOUD_EVENT_SOURCE":"projects/secufy-50bba/locations/europe-west1/functions/sendPoliceEmail"},"runtime":"nodejs20","ingressSettings":"ALLOW_ALL","buildId":"3b2cd52c-9271-44e1-94b3-5e24e0ab109e","buildEnvironmentVariables":{"GOOGLE_NODE_RUN_SCRIPTS":""},"buildName":"projects/873623578558/locations/europe-west1/builds/3b2cd52c-9271-44e1-94b3-5e24e0ab109e","dockerRegistry":"ARTIFACT_REGISTRY","automaticUpdatePolicy":{},"buildServiceAccount":"projects/secufy-50bba/serviceAccounts/873623578558-compute@developer.gserviceaccount.com","satisfiesPzi":true},{"name":"projects/secufy-50bba/locations/europe-west1/functions/sendOnboardingEmail","httpsTrigger":{"url":"https://europe-west1-secufy-50bba.cloudfunctions.net/sendOnboardingEmail","securityLevel":"SECURE_ALWAYS"},"status":"ACTIVE","entryPoint":"sendOnboardingEmail","timeout":"60s","availableMemoryMb":256,"serviceAccountEmail":"secufy-50bba@appspot.gserviceaccount.com","updateTime":"2026-08-09T12:37:55.221014538Z","versionId":"8","labels":{"deployment-tool":"cli-firebase","firebase-functions-hash":"97a28979afd6bb050fecf9f3d08add430493b9aa"},"sourceUploadUrl":"https://storage.googleapis.com/uploads-390354051669.europe-west1.cloudfunctions.appspot.com/f20c1987-b4fb-4a7d-a307-4037a3198fb2.zip","environmentVariables":{"FIREBASE_CONFIG":"{\"projectId\":\"secufy-50bba\",\"storageBucket\":\"secufy-50bba.firebasestorage.app\"}","GCLOUD_PROJECT":"secufy-50bba","EVENTARC_CLOUD_EVENT_SOURCE":"projects/secufy-50bba/locations/europe-west1/functions/sendOnboardingEmail"},"runtime":"nodejs20","ingressSettings":"ALLOW_ALL","buildId":"9fbf86be-45c1-416f-ac8a-99669b9be3a6","buildEnvironmentVariables":{"GOOGLE_NODE_RUN_SCRIPTS":""},"buildName":"projects/873623578558/locations/europe-west1/builds/9fbf86be-45c1-416f-ac8a-99669b9be3a6","dockerRegistry":"ARTIFACT_REGISTRY","automaticUpdatePolicy":{},"buildServiceAccount":"projects/secufy-50bba/serviceAccounts/873623578558-compute@developer.gserviceaccount.com","satisfiesPzi":true},{"name":"projects/secufy-50bba/locations/europe-west1/functions/extractSVPB","httpsTrigger":{"url":"https://europe-west1-secufy-50bba.cloudfunctions.net/extractSVPB","securityLevel":"SECURE_ALWAYS"},"status":"ACTIVE","entryPoint":"extractSVPB","timeout":"60s","availableMemoryMb":256,"serviceAccountEmail":"secufy-50bba@appspot.gserviceaccount.com","updateTime":"2026-08-09T12:37:55.245251930Z","versionId":"8","labels":{"deployment-tool":"cli-firebase","firebase-functions-hash":"97a28979afd6bb050fecf9f3d08add430493b9aa"},"sourceUploadUrl":"https://storage.googleapis.com/uploads-390354051669.europe-west1.cloudfunctions.appspot.com/f20c1987-b4fb-4a7d-a307-4037a3198fb2.zip","environmentVariables":{"FIREBASE_CONFIG":"{\"projectId\":\"secufy-50bba\",\"storageBucket\":\"secufy-50bba.firebasestorage.app\"}","GCLOUD_PROJECT":"secufy-50bba","EVENTARC_CLOUD_EVENT_SOURCE":"projects/secufy-50bba/locations/europe-west1/functions/extractSVPB"},"runtime":"nodejs20","ingressSettings":"ALLOW_ALL","buildId":"9fbf86be-45c1-416f-ac8a-99669b9be3a6","buildEnvironmentVariables":{"GOOGLE_NODE_RUN_SCRIPTS":""},"buildName":"projects/873623578558/locations/europe-west1/builds/9fbf86be-45c1-416f-ac8a-99669b9be3a6","dockerRegistry":"ARTIFACT_REGISTRY","automaticUpdatePolicy":{},"buildServiceAccount":"projects/secufy-50bba/serviceAccounts/873623578558-compute@developer.gserviceaccount.com","satisfiesPzi":true},{"name":"projects/secufy-50bba/locations/europe-west1/functions/processDocumentV2","httpsTrigger":{"url":"https://europe-west1-secufy-50bba.cloudfunctions.net/processDocumentV2","securityLevel":"SECURE_ALWAYS"},"status":"ACTIVE","entryPoint":"processDocumentV2","timeout":"120s","availableMemoryMb":2048,"serviceAccountEmail":"secufy-50bba@appspot.gserviceaccount.com","updateTime":"2026-08-09T12:37:55.274518841Z","versionId":"9","labels":{"deployment-tool":"cli-firebase","firebase-functions-hash":"97a28979afd6bb050fecf9f3d08add430493b9aa"},"sourceUploadUrl":"https://storage.googleapis.com/uploads-390354051669.europe-west1.cloudfunctions.appspot.com/f20c1987-b4fb-4a7d-a307-4037a3198fb2.zip","environmentVariables":{"FIREBASE_CONFIG":"{\"projectId\":\"secufy-50bba\",\"storageBucket\":\"secufy-50bba.firebasestorage.app\"}","GCLOUD_PROJECT":"secufy-50bba","EVENTARC_CLOUD_EVENT_SOURCE":"projects/secufy-50bba/locations/europe-west1/functions/processDocumentV2"},"runtime":"nodejs20","maxInstances":100,"ingressSettings":"ALLOW_ALL","buildId":"0512f4dd-9da1-4e17-acfd-2ecfa79d79d9","buildEnvironmentVariables":{"GOOGLE_NODE_RUN_SCRIPTS":""},"buildName":"projects/873623578558/locations/europe-west1/builds/0512f4dd-9da1-4e17-acfd-2ecfa79d79d9","dockerRegistry":"ARTIFACT_REGISTRY","automaticUpdatePolicy":{},"buildServiceAccount":"projects/secufy-50bba/serviceAccounts/873623578558-compute@developer.gserviceaccount.com","satisfiesPzi":true},{"name":"projects/secufy-50bba/locations/europe-west1/functions/scanIdDocument","httpsTrigger":{"url":"https://europe-west1-secufy-50bba.cloudfunctions.net/scanIdDocument","securityLevel":"SECURE_ALWAYS"},"status":"ACTIVE","entryPoint":"scanIdDocument","timeout":"60s","availableMemoryMb":256,"serviceAccountEmail":"secufy-50bba@appspot.gserviceaccount.com","updateTime":"2026-08-09T12:37:55.296662242Z","versionId":"4","labels":{"deployment-tool":"cli-firebase","firebase-functions-hash":"97a28979afd6bb050fecf9f3d08add430493b9aa"},"sourceUploadUrl":"https://storage.googleapis.com/uploads-390354051669.europe-west1.cloudfunctions.appspot.com/f20c1987-b4fb-4a7d-a307-4037a3198fb2.zip","environmentVariables":{"FIREBASE_CONFIG":"{\"projectId\":\"secufy-50bba\",\"storageBucket\":\"secufy-50bba.firebasestorage.app\"}","GCLOUD_PROJECT":"secufy-50bba","EVENTARC_CLOUD_EVENT_SOURCE":"projects/secufy-50bba/locations/europe-west1/functions/scanIdDocument"},"runtime":"nodejs20","ingressSettings":"ALLOW_ALL","buildId":"9fbf86be-45c1-416f-ac8a-99669b9be3a6","buildEnvironmentVariables":{"GOOGLE_NODE_RUN_SCRIPTS":""},"buildName":"projects/873623578558/locations/europe-west1/builds/9fbf86be-45c1-416f-ac8a-99669b9be3a6","dockerRegistry":"ARTIFACT_REGISTRY","automaticUpdatePolicy":{},"buildServiceAccount":"projects/secufy-50bba/serviceAccounts/873623578558-compute@developer.gserviceaccount.com","satisfiesPzi":true},{"name":"projects/secufy-50bba/locations/europe-west1/functions/migrateEmailAttachments","httpsTrigger":{"url":"https://europe-west1-secufy-50bba.cloudfunctions.net/migrateEmailAttachments","securityLevel":"SECURE_ALWAYS"},"status":"ACTIVE","entryPoint":"migrateEmailAttachments","timeout":"540s","availableMemoryMb":1024,"serviceAccountEmail":"secufy-50bba@appspot.gserviceaccount.com","updateTime":"2026-08-09T12:37:55.310646133Z","versionId":"2","labels":{"deployment-tool":"cli-firebase","firebase-functions-hash":"97a28979afd6bb050fecf9f3d08add430493b9aa"},"sourceUploadUrl":"https://storage.googleapis.com/uploads-390354051669.europe-west1.cloudfunctions.appspot.com/f20c1987-b4fb-4a7d-a307-4037a3198fb2.zip","environmentVariables":{"FIREBASE_CONFIG":"{\"projectId\":\"secufy-50bba\",\"storageBucket\":\"secufy-50bba.firebasestorage.app\"}","GCLOUD_PROJECT":"secufy-50bba","EVENTARC_CLOUD_EVENT_SOURCE":"projects/secufy-50bba/locations/europe-west1/functions/migrateEmailAttachments"},"runtime":"nodejs20","ingressSettings":"ALLOW_ALL","buildId":"85390520-08b4-4ca1-9a30-18e1228babc8","buildEnvironmentVariables":{"GOOGLE_NODE_RUN_SCRIPTS":""},"buildName":"projects/873623578558/locations/europe-west1/builds/85390520-08b4-4ca1-9a30-18e1228babc8","dockerRegistry":"ARTIFACT_REGISTRY","automaticUpdatePolicy":{},"buildServiceAccount":"projects/secufy-50bba/serviceAccounts/873623578558-compute@developer.gserviceaccount.com","satisfiesPzi":true},{"name":"projects/secufy-50bba/locations/us-central1/functions/onRecruitmentCreated","eventTrigger":{"eventType":"providers/cloud.firestore/eventTypes/document.create","resource":"projects/secufy-50bba/databases/(default)/documents/recruitment/{recruitmentId}","service":"firestore.googleapis.com","failurePolicy":{}},"status":"ACTIVE","entryPoint":"onRecruitmentCreated","timeout":"60s","availableMemoryMb":256,"serviceAccountEmail":"secufy-50bba@appspot.gserviceaccount.com","updateTime":"2026-08-09T12:37:55.230726786Z","versionId":"2","labels":{"deployment-tool":"cli-firebase","firebase-functions-hash":"85ca177eac66d2c833f3825076ea4986c3b15a99"},"sourceUploadUrl":"https://storage.googleapis.com/uploads-373708666935.us-central1.cloudfunctions.appspot.com/5ac0a21a-5786-427b-a4e2-fe5e0788831d.zip","environmentVariables":{"SMTP_HOST":"smtp.hostnet.nl","SMTP_PORT":"587","SMTP_USER":"vraagje@secufy.nl","SMTP_PASS":"SECUFY.sfenza.2023","FIREBASE_CONFIG":"{\"projectId\":\"secufy-50bba\",\"storageBucket\":\"secufy-50bba.firebasestorage.app\"}","GCLOUD_PROJECT":"secufy-50bba","EVENTARC_CLOUD_EVENT_SOURCE":"projects/secufy-50bba/locations/us-central1/functions/onRecruitmentCreated"},"runtime":"nodejs20","maxInstances":3000,"ingressSettings":"ALLOW_ALL","buildId":"3c7b3e84-7f68-4fc0-8c57-81bc776491f6","buildEnvironmentVariables":{"GOOGLE_NODE_RUN_SCRIPTS":""},"buildName":"projects/873623578558/locations/us-central1/builds/3c7b3e84-7f68-4fc0-8c57-81bc776491f6","dockerRegistry":"ARTIFACT_REGISTRY","automaticUpdatePolicy":{},"buildServiceAccount":"projects/secufy-50bba/serviceAccounts/873623578558-compute@developer.gserviceaccount.com","satisfiesPzi":true},{"name":"projects/secufy-50bba/locations/us-central1/functions/sendEmail","httpsTrigger":{"url":"https://us-central1-secufy-50bba.cloudfunctions.net/sendEmail","securityLevel":"SECURE_ALWAYS"},"status":"ACTIVE","entryPoint":"sendEmail","timeout":"60s","availableMemoryMb":256,"serviceAccountEmail":"secufy-50bba@appspot.gserviceaccount.com","updateTime":"2026-08-09T12:37:55.284676895Z","versionId":"3","labels":{"deployment-tool":"cli-firebase","firebase-functions-hash":"85ca177eac66d2c833f3825076ea4986c3b15a99"},"sourceUploadUrl":"https://storage.googleapis.com/uploads-373708666935.us-central1.cloudfunctions.appspot.com/5ac0a21a-5786-427b-a4e2-fe5e0788831d.zip","environmentVariables":{"SMTP_HOST":"smtp.hostnet.nl","SMTP_PORT":"587","SMTP_USER":"vraagje@secufy.nl","SMTP_PASS":"SECUFY.sfenza.2023","FIREBASE_CONFIG":"{\"projectId\":\"secufy-50bba\",\"storageBucket\":\"secufy-50bba.firebasestorage.app\"}","GCLOUD_PROJECT":"secufy-50bba","EVENTARC_CLOUD_EVENT_SOURCE":"projects/secufy-50bba/locations/us-central1/functions/sendEmail"},"runtime":"nodejs20","ingressSettings":"ALLOW_ALL","buildId":"3c7b3e84-7f68-4fc0-8c57-81bc776491f6","buildEnvironmentVariables":{"GOOGLE_NODE_RUN_SCRIPTS":""},"buildName":"projects/873623578558/locations/us-central1/builds/3c7b3e84-7f68-4fc0-8c57-81bc776491f6","dockerRegistry":"ARTIFACT_REGISTRY","automaticUpdatePolicy":{},"buildServiceAccount":"projects/secufy-50bba/serviceAccounts/873623578558-compute@developer.gserviceaccount.com","satisfiesPzi":true},{"name":"projects/secufy-50bba/locations/us-central1/functions/onQuotationCreated","eventTrigger":{"eventType":"providers/cloud.firestore/eventTypes/document.create","resource":"projects/secufy-50bba/databases/(default)/documents/quotations/{quotationId}","service":"firestore.googleapis.com","failurePolicy":{}},"status":"ACTIVE","entryPoint":"onQuotationCreated","timeout":"60s","availableMemoryMb":256,"serviceAccountEmail":"secufy-50bba@appspot.gserviceaccount.com","updateTime":"2026-08-09T12:37:55.291314380Z","versionId":"3","labels":{"deployment-tool":"cli-firebase","firebase-functions-hash":"85ca177eac66d2c833f3825076ea4986c3b15a99"},"sourceUploadUrl":"https://storage.googleapis.com/uploads-373708666935.us-central1.cloudfunctions.appspot.com/5ac0a21a-5786-427b-a4e2-fe5e0788831d.zip","environmentVariables":{"SMTP_HOST":"smtp.hostnet.nl","SMTP_PORT":"587","SMTP_USER":"vraagje@secufy.nl","SMTP_PASS":"SECUFY.sfenza.2023","FIREBASE_CONFIG":"{\"projectId\":\"secufy-50bba\",\"storageBucket\":\"secufy-50bba.firebasestorage.app\"}","GCLOUD_PROJECT":"secufy-50bba","EVENTARC_CLOUD_EVENT_SOURCE":"projects/secufy-50bba/locations/us-central1/functions/onQuotationCreated"},"runtime":"nodejs20","maxInstances":3000,"ingressSettings":"ALLOW_ALL","buildId":"3c7b3e84-7f68-4fc0-8c57-81bc776491f6","buildEnvironmentVariables":{"GOOGLE_NODE_RUN_SCRIPTS":""},"buildName":"projects/873623578558/locations/us-central1/builds/3c7b3e84-7f68-4fc0-8c57-81bc776491f6","dockerRegistry":"ARTIFACT_REGISTRY","automaticUpdatePolicy":{},"buildServiceAccount":"projects/secufy-50bba/serviceAccounts/873623578558-compute@developer.gserviceaccount.com","satisfiesPzi":true},{"name":"projects/secufy-50bba/locations/us-central1/functions/onComplaintCreated","eventTrigger":{"eventType":"providers/cloud.firestore/eventTypes/document.create","resource":"projects/secufy-50bba/databases/(default)/documents/complaints/{complaintId}","service":"firestore.googleapis.com","failurePolicy":{}},"status":"ACTIVE","entryPoint":"onComplaintCreated","timeout":"60s","availableMemoryMb":256,"serviceAccountEmail":"secufy-50bba@appspot.gserviceaccount.com","updateTime":"2026-08-09T12:37:55.212330406Z","versionId":"3","labels":{"deployment-tool":"cli-firebase","firebase-functions-hash":"85ca177eac66d2c833f3825076ea4986c3b15a99"},"sourceUploadUrl":"https://storage.googleapis.com/uploads-373708666935.us-central1.cloudfunctions.appspot.com/5ac0a21a-5786-427b-a4e2-fe5e0788831d.zip","environmentVariables":{"SMTP_HOST":"smtp.hostnet.nl","SMTP_PORT":"587","SMTP_USER":"vraagje@secufy.nl","SMTP_PASS":"SECUFY.sfenza.2023","FIREBASE_CONFIG":"{\"projectId\":\"secufy-50bba\",\"storageBucket\":\"secufy-50bba.firebasestorage.app\"}","GCLOUD_PROJECT":"secufy-50bba","EVENTARC_CLOUD_EVENT_SOURCE":"projects/secufy-50bba/locations/us-central1/functions/onComplaintCreated"},"runtime":"nodejs20","maxInstances":3000,"ingressSettings":"ALLOW_ALL","buildId":"3c7b3e84-7f68-4fc0-8c57-81bc776491f6","buildEnvironmentVariables":{"GOOGLE_NODE_RUN_SCRIPTS":""},"buildName":"projects/873623578558/locations/us-central1/builds/3c7b3e84-7f68-4fc0-8c57-81bc776491f6","dockerRegistry":"ARTIFACT_REGISTRY","automaticUpdatePolicy":{},"buildServiceAccount":"projects/secufy-50bba/serviceAccounts/873623578558-compute@developer.gserviceaccount.com","satisfiesPzi":true}]}
[debug] [2026-08-18T15:07:41.219Z] Checked if tokens are valid: true, expires at: 1787069247303
[debug] [2026-08-18T15:07:41.219Z] Checked if tokens are valid: true, expires at: 1787069247303
[debug] [2026-08-18T15:07:41.220Z] >>> [apiv2][query] GET https://cloudfunctions.googleapis.com/v2/projects/secufy-50bba/locations/-/functions filter=environment%3D%22GEN_2%22
[debug] [2026-08-18T15:07:42.242Z] <<< [apiv2][status] GET https://cloudfunctions.googleapis.com/v2/projects/secufy-50bba/locations/-/functions 200
[debug] [2026-08-18T15:07:42.242Z] <<< [apiv2][body] GET https://cloudfunctions.googleapis.com/v2/projects/secufy-50bba/locations/-/functions {}
[info] i  functions: Loaded environment variables from .env. 
[info] i  functions: preparing functions directory for uploading... 
[info] i  functions: packaged C:\Users\moh_b\CascadeProjects\windsurf-project-8\functions (77.03 KB) for uploading 
[debug] [2026-08-18T15:07:42.333Z] Checked if tokens are valid: true, expires at: 1787069247303
[debug] [2026-08-18T15:07:42.334Z] Checked if tokens are valid: true, expires at: 1787069247303
[debug] [2026-08-18T15:07:42.334Z] >>> [apiv2][query] GET https://firestore.googleapis.com/v1/projects/secufy-50bba/databases/(default) [none]
[debug] [2026-08-18T15:07:43.140Z] <<< [apiv2][status] GET https://firestore.googleapis.com/v1/projects/secufy-50bba/databases/(default) 200
[debug] [2026-08-18T15:07:43.141Z] <<< [apiv2][body] GET https://firestore.googleapis.com/v1/projects/secufy-50bba/databases/(default) {"name":"projects/secufy-50bba/databases/(default)","uid":"a103547a-6d64-4887-8d8b-d5a885a7c696","createTime":"2025-11-01T00:46:34.502482Z","updateTime":"2025-11-01T00:46:34.502482Z","locationId":"nam5","type":"FIRESTORE_NATIVE","concurrencyMode":"PESSIMISTIC","versionRetentionPeriod":"3600s","earliestVersionTime":"2026-08-18T14:07:42.352476Z","appEngineIntegrationMode":"DISABLED","keyPrefix":"s","pointInTimeRecoveryEnablement":"POINT_IN_TIME_RECOVERY_DISABLED","deleteProtectionState":"DELETE_PROTECTION_DISABLED","databaseEdition":"STANDARD","freeTier":true,"realtimeUpdatesMode":"REALTIME_UPDATES_MODE_ENABLED","etag":"IMnT+q+6qpYDMK3g8aeg5pID"}
[debug] [2026-08-18T15:07:43.148Z] Checked if tokens are valid: true, expires at: 1787069247303
[debug] [2026-08-18T15:07:43.149Z] Checked if tokens are valid: true, expires at: 1787069247303
[debug] [2026-08-18T15:07:43.150Z] >>> [apiv2][query] GET https://cloudresourcemanager.googleapis.com/v1/projects/secufy-50bba [none]
[debug] [2026-08-18T15:07:43.878Z] <<< [apiv2][status] GET https://cloudresourcemanager.googleapis.com/v1/projects/secufy-50bba 200
[debug] [2026-08-18T15:07:43.878Z] <<< [apiv2][body] GET https://cloudresourcemanager.googleapis.com/v1/projects/secufy-50bba {"projectNumber":"873623578558","projectId":"secufy-50bba","lifecycleState":"ACTIVE","name":"Secufy","labels":{"firebase":"enabled","firebase-core":"disabled"},"createTime":"2025-11-01T00:16:53.780387Z"}
[debug] [2026-08-18T15:07:43.880Z] Checked if tokens are valid: true, expires at: 1787069247303
[debug] [2026-08-18T15:07:43.880Z] Checked if tokens are valid: true, expires at: 1787069247303
[debug] [2026-08-18T15:07:43.881Z] >>> [apiv2][query] POST https://cloudfunctions.googleapis.com/v1/projects/secufy-50bba/locations/us-central1/functions:generateUploadUrl [none]
[debug] [2026-08-18T15:07:43.881Z] >>> [apiv2][body] POST https://cloudfunctions.googleapis.com/v1/projects/secufy-50bba/locations/us-central1/functions:generateUploadUrl {}
[debug] [2026-08-18T15:07:45.030Z] <<< [apiv2][status] POST https://cloudfunctions.googleapis.com/v1/projects/secufy-50bba/locations/us-central1/functions:generateUploadUrl 200
[debug] [2026-08-18T15:07:45.030Z] <<< [apiv2][body] POST https://cloudfunctions.googleapis.com/v1/projects/secufy-50bba/locations/us-central1/functions:generateUploadUrl {"uploadUrl":"https://storage.googleapis.com/uploads-373708666935.us-central1.cloudfunctions.appspot.com/5ab91221-35aa-49a1-baf4-69bd8b1258f4.zip?GoogleAccessId=service-873623578558@gcf-admin-robot.iam.gserviceaccount.com&Expires=1787067464&Signature=2ScL2BAP64Uuby3rIi2nNKhKbBMOKw%2FibelH4scLiJsUf1mLuNh14t9OL3BjKbVrXjQeTFo0T%2FFUj5eDqFlm3YLhR8YV79sw6%2BpHfMioYPEOt4kF4salsyXFQ84dVXclOnFiioSyt%2FEcmw4dw3yk0rtAvBudi1zG%2F6B24uZjnj2RaZWTUpSA7pJApc9JgVSQ2qfO2YBlk%2BmP7kcfIkn2hRoDGQ6%2BXUXR5IX%2FGX539Qgh65wpF8cjViY%2FSyBxx7YriLa8GroKmo0tNYs6GkGAuAkV1CkYz9nnk7bu8I70oygN16bxPK11eTAY%2FFLoCLoBelysv3Z8FIcKKWu%2BqXeHIQ%3D%3D"}
[debug] [2026-08-18T15:07:45.033Z] >>> [apiv2][query] PUT https://storage.googleapis.com/uploads-373708666935.us-central1.cloudfunctions.appspot.com/5ab91221-35aa-49a1-baf4-69bd8b1258f4.zip GoogleAccessId=service-873623578558%40gcf-admin-robot.iam.gserviceaccount.com&Expires=1787067464&Signature=2ScL2BAP64Uuby3rIi2nNKhKbBMOKw%2FibelH4scLiJsUf1mLuNh14t9OL3BjKbVrXjQeTFo0T%2FFUj5eDqFlm3YLhR8YV79sw6%2BpHfMioYPEOt4kF4salsyXFQ84dVXclOnFiioSyt%2FEcmw4dw3yk0rtAvBudi1zG%2F6B24uZjnj2RaZWTUpSA7pJApc9JgVSQ2qfO2YBlk%2BmP7kcfIkn2hRoDGQ6%2BXUXR5IX%2FGX539Qgh65wpF8cjViY%2FSyBxx7YriLa8GroKmo0tNYs6GkGAuAkV1CkYz9nnk7bu8I70oygN16bxPK11eTAY%2FFLoCLoBelysv3Z8FIcKKWu%2BqXeHIQ%3D%3D
[debug] [2026-08-18T15:07:45.034Z] >>> [apiv2][body] PUT https://storage.googleapis.com/uploads-373708666935.us-central1.cloudfunctions.appspot.com/5ab91221-35aa-49a1-baf4-69bd8b1258f4.zip [stream]
[debug] [2026-08-18T15:07:45.636Z] <<< [apiv2][status] PUT https://storage.googleapis.com/uploads-373708666935.us-central1.cloudfunctions.appspot.com/5ab91221-35aa-49a1-baf4-69bd8b1258f4.zip 200
[debug] [2026-08-18T15:07:45.636Z] <<< [apiv2][body] PUT https://storage.googleapis.com/uploads-373708666935.us-central1.cloudfunctions.appspot.com/5ab91221-35aa-49a1-baf4-69bd8b1258f4.zip [omitted]
[info] +  functions: functions source uploaded successfully 
[info] 
The following functions are found in your project but do not exist in your local source code:
	extractSVPB(europe-west1)
	migrateEmailAttachments(europe-west1)
	processDocumentV2(europe-west1)
	scanIdDocument(europe-west1)
	sendOnboardingEmail(europe-west1)
	sendPoliceEmail(europe-west1)

If you are renaming a function or changing its region, it is recommended that you create the new function first before deleting the old one to prevent event loss. For more info, visit https://firebase.google.com/docs/functions/manage-functions#modify

[debug] [2026-08-18T15:08:39.427Z] ----------------------------------------------------------------------
[debug] [2026-08-18T15:08:39.433Z] Command:       C:\Program Files\nodejs\node.exe C:\Users\moh_b\AppData\Roaming\npm\node_modules\firebase-tools\lib\bin\firebase.js deploy --only functions
[debug] [2026-08-18T15:08:39.434Z] CLI Version:   15.24.0
[debug] [2026-08-18T15:08:39.434Z] Platform:      win32
[debug] [2026-08-18T15:08:39.434Z] Node Version:  v20.18.0
[debug] [2026-08-18T15:08:39.435Z] Detected Agent: unknown
[debug] [2026-08-18T15:08:39.435Z] Time:          Tue Aug 18 2026 17:08:39 GMT+0200 (Midden-Europese zomertijd)
[debug] [2026-08-18T15:08:39.435Z] ----------------------------------------------------------------------
[debug] 
[debug] [2026-08-18T15:08:43.441Z] > command requires scopes: ["email","openid","https://www.googleapis.com/auth/cloudplatformprojects.readonly","https://www.googleapis.com/auth/firebase","https://www.googleapis.com/auth/cloud-platform"]
[debug] [2026-08-18T15:08:43.441Z] > authorizing via signed-in user (techify.ict@gmail.com)
[debug] [2026-08-18T15:08:43.442Z] [iam] checking project secufy-50bba for permissions ["cloudfunctions.functions.create","cloudfunctions.functions.delete","cloudfunctions.functions.get","cloudfunctions.functions.list","cloudfunctions.functions.update","cloudfunctions.operations.get","firebase.projects.get"]
[debug] [2026-08-18T15:08:43.446Z] Checked if tokens are valid: true, expires at: 1787069247303
[debug] [2026-08-18T15:08:43.446Z] Checked if tokens are valid: true, expires at: 1787069247303
[debug] [2026-08-18T15:08:43.448Z] >>> [apiv2][query] POST https://cloudresourcemanager.googleapis.com/v1/projects/secufy-50bba:testIamPermissions [none]
[debug] [2026-08-18T15:08:43.449Z] >>> [apiv2][(partial)header] POST https://cloudresourcemanager.googleapis.com/v1/projects/secufy-50bba:testIamPermissions  x-goog-user-project=secufy-50bba
[debug] [2026-08-18T15:08:43.449Z] >>> [apiv2][body] POST https://cloudresourcemanager.googleapis.com/v1/projects/secufy-50bba:testIamPermissions {"permissions":["cloudfunctions.functions.create","cloudfunctions.functions.delete","cloudfunctions.functions.get","cloudfunctions.functions.list","cloudfunctions.functions.update","cloudfunctions.operations.get","firebase.projects.get"]}
[debug] [2026-08-18T15:08:44.268Z] <<< [apiv2][status] POST https://cloudresourcemanager.googleapis.com/v1/projects/secufy-50bba:testIamPermissions 200
[debug] [2026-08-18T15:08:44.268Z] <<< [apiv2][body] POST https://cloudresourcemanager.googleapis.com/v1/projects/secufy-50bba:testIamPermissions {"permissions":["cloudfunctions.functions.create","cloudfunctions.functions.delete","cloudfunctions.functions.get","cloudfunctions.functions.list","cloudfunctions.functions.update","cloudfunctions.operations.get","firebase.projects.get"]}
[debug] [2026-08-18T15:08:44.268Z] Checked if tokens are valid: true, expires at: 1787069247303
[debug] [2026-08-18T15:08:44.268Z] Checked if tokens are valid: true, expires at: 1787069247303
[debug] [2026-08-18T15:08:44.269Z] >>> [apiv2][query] POST https://iam.googleapis.com/v1/projects/secufy-50bba/serviceAccounts/secufy-50bba@appspot.gserviceaccount.com:testIamPermissions [none]
[debug] [2026-08-18T15:08:44.269Z] >>> [apiv2][body] POST https://iam.googleapis.com/v1/projects/secufy-50bba/serviceAccounts/secufy-50bba@appspot.gserviceaccount.com:testIamPermissions {"permissions":["iam.serviceAccounts.actAs"]}
[debug] [2026-08-18T15:08:44.959Z] <<< [apiv2][status] POST https://iam.googleapis.com/v1/projects/secufy-50bba/serviceAccounts/secufy-50bba@appspot.gserviceaccount.com:testIamPermissions 200
[debug] [2026-08-18T15:08:44.959Z] <<< [apiv2][body] POST https://iam.googleapis.com/v1/projects/secufy-50bba/serviceAccounts/secufy-50bba@appspot.gserviceaccount.com:testIamPermissions {"permissions":["iam.serviceAccounts.actAs"]}
[info] 
[info] === Deploying to 'secufy-50bba'...
[info] 
[info] i  deploying functions 
[info] +  functions: Finished running predeploy script. 
[debug] [2026-08-18T15:08:44.965Z] Checked if tokens are valid: true, expires at: 1787069247303
[debug] [2026-08-18T15:08:44.965Z] Checked if tokens are valid: true, expires at: 1787069247303
[debug] [2026-08-18T15:08:44.965Z] >>> [apiv2][query] GET https://cloudresourcemanager.googleapis.com/v1/projects/secufy-50bba [none]
[debug] [2026-08-18T15:08:45.149Z] <<< [apiv2][status] GET https://cloudresourcemanager.googleapis.com/v1/projects/secufy-50bba 200
[debug] [2026-08-18T15:08:45.149Z] <<< [apiv2][body] GET https://cloudresourcemanager.googleapis.com/v1/projects/secufy-50bba {"projectNumber":"873623578558","projectId":"secufy-50bba","lifecycleState":"ACTIVE","name":"Secufy","labels":{"firebase":"enabled","firebase-core":"disabled"},"createTime":"2025-11-01T00:16:53.780387Z"}
[info] i  functions: preparing codebase default for deployment 
[info] i  functions: ensuring required API cloudfunctions.googleapis.com is enabled... 
[info] i  functions: ensuring required API cloudbuild.googleapis.com is enabled... 
[info] i  artifactregistry: ensuring required API artifactregistry.googleapis.com is enabled... 
[debug] [2026-08-18T15:08:45.161Z] Checked if tokens are valid: true, expires at: 1787069247303
[debug] [2026-08-18T15:08:45.161Z] Checked if tokens are valid: true, expires at: 1787069247303
[debug] [2026-08-18T15:08:45.161Z] >>> [apiv2][query] GET https://firebase.googleapis.com/v1beta1/projects/secufy-50bba/adminSdkConfig [none]
[debug] [2026-08-18T15:08:46.480Z] <<< [apiv2][status] GET https://firebase.googleapis.com/v1beta1/projects/secufy-50bba/adminSdkConfig 200
[debug] [2026-08-18T15:08:46.480Z] <<< [apiv2][body] GET https://firebase.googleapis.com/v1beta1/projects/secufy-50bba/adminSdkConfig {"projectId":"secufy-50bba","storageBucket":"secufy-50bba.firebasestorage.app"}
[debug] [2026-08-18T15:08:46.480Z] Checked if tokens are valid: true, expires at: 1787069247303
[debug] [2026-08-18T15:08:46.481Z] Checked if tokens are valid: true, expires at: 1787069247303
[debug] [2026-08-18T15:08:46.481Z] >>> [apiv2][query] GET https://runtimeconfig.googleapis.com/v1beta1/projects/secufy-50bba/configs [none]
[debug] [2026-08-18T15:08:46.700Z] <<< [apiv2][status] GET https://runtimeconfig.googleapis.com/v1beta1/projects/secufy-50bba/configs 200
[debug] [2026-08-18T15:08:46.700Z] <<< [apiv2][body] GET https://runtimeconfig.googleapis.com/v1beta1/projects/secufy-50bba/configs {"configs":[{"name":"projects/secufy-50bba/configs/smtp"},{"name":"projects/secufy-50bba/configs/docai"}]}
[debug] [2026-08-18T15:08:46.700Z] Checked if tokens are valid: true, expires at: 1787069247303
[debug] [2026-08-18T15:08:46.700Z] Checked if tokens are valid: true, expires at: 1787069247303
[debug] [2026-08-18T15:08:46.701Z] Checked if tokens are valid: true, expires at: 1787069247303
[debug] [2026-08-18T15:08:46.701Z] Checked if tokens are valid: true, expires at: 1787069247303
[debug] [2026-08-18T15:08:46.701Z] >>> [apiv2][query] GET https://runtimeconfig.googleapis.com/v1beta1/projects/secufy-50bba/configs/smtp/variables [none]
[debug] [2026-08-18T15:08:46.702Z] >>> [apiv2][query] GET https://runtimeconfig.googleapis.com/v1beta1/projects/secufy-50bba/configs/docai/variables [none]
[debug] [2026-08-18T15:08:46.962Z] <<< [apiv2][status] GET https://runtimeconfig.googleapis.com/v1beta1/projects/secufy-50bba/configs/docai/variables 200
[debug] [2026-08-18T15:08:46.962Z] <<< [apiv2][body] GET https://runtimeconfig.googleapis.com/v1beta1/projects/secufy-50bba/configs/docai/variables {"variables":[{"name":"projects/secufy-50bba/configs/docai/variables/location","updateTime":"2025-11-01T01:12:45.039918999Z"},{"name":"projects/secufy-50bba/configs/docai/variables/processor_id","updateTime":"2025-11-01T01:12:37.099225677Z"},{"name":"projects/secufy-50bba/configs/docai/variables/project_id","updateTime":"2025-11-01T01:17:46.655324143Z"},{"name":"projects/secufy-50bba/configs/docai/variables/svpb_image_processor_id","updateTime":"2025-11-01T01:12:45.023985718Z"},{"name":"projects/secufy-50bba/configs/docai/variables/svpb_processor_id","updateTime":"2025-11-01T01:12:45.023818739Z"}]}
[debug] [2026-08-18T15:08:46.963Z] Checked if tokens are valid: true, expires at: 1787069247303
[debug] [2026-08-18T15:08:46.963Z] Checked if tokens are valid: true, expires at: 1787069247303
[debug] [2026-08-18T15:08:46.963Z] Checked if tokens are valid: true, expires at: 1787069247303
[debug] [2026-08-18T15:08:46.963Z] Checked if tokens are valid: true, expires at: 1787069247303
[debug] [2026-08-18T15:08:46.963Z] Checked if tokens are valid: true, expires at: 1787069247303
[debug] [2026-08-18T15:08:46.963Z] Checked if tokens are valid: true, expires at: 1787069247303
[debug] [2026-08-18T15:08:46.963Z] Checked if tokens are valid: true, expires at: 1787069247303
[debug] [2026-08-18T15:08:46.963Z] Checked if tokens are valid: true, expires at: 1787069247303
[debug] [2026-08-18T15:08:46.963Z] Checked if tokens are valid: true, expires at: 1787069247303
[debug] [2026-08-18T15:08:46.964Z] Checked if tokens are valid: true, expires at: 1787069247303
[debug] [2026-08-18T15:08:46.964Z] >>> [apiv2][query] GET https://runtimeconfig.googleapis.com/v1beta1/projects/secufy-50bba/configs/docai/variables/location [none]
[debug] [2026-08-18T15:08:46.964Z] >>> [apiv2][query] GET https://runtimeconfig.googleapis.com/v1beta1/projects/secufy-50bba/configs/docai/variables/processor_id [none]
[debug] [2026-08-18T15:08:46.967Z] >>> [apiv2][query] GET https://runtimeconfig.googleapis.com/v1beta1/projects/secufy-50bba/configs/docai/variables/project_id [none]
[debug] [2026-08-18T15:08:46.968Z] >>> [apiv2][query] GET https://runtimeconfig.googleapis.com/v1beta1/projects/secufy-50bba/configs/docai/variables/svpb_image_processor_id [none]
[debug] [2026-08-18T15:08:46.970Z] >>> [apiv2][query] GET https://runtimeconfig.googleapis.com/v1beta1/projects/secufy-50bba/configs/docai/variables/svpb_processor_id [none]
[debug] [2026-08-18T15:08:47.111Z] <<< [apiv2][status] GET https://runtimeconfig.googleapis.com/v1beta1/projects/secufy-50bba/configs/smtp/variables 200
[debug] [2026-08-18T15:08:47.111Z] <<< [apiv2][body] GET https://runtimeconfig.googleapis.com/v1beta1/projects/secufy-50bba/configs/smtp/variables {"variables":[{"name":"projects/secufy-50bba/configs/smtp/variables/host","updateTime":"2026-01-18T20:02:49.349413233Z"},{"name":"projects/secufy-50bba/configs/smtp/variables/pass","updateTime":"2026-01-18T20:02:49.867253328Z"},{"name":"projects/secufy-50bba/configs/smtp/variables/port","updateTime":"2026-01-18T20:02:49.401539810Z"},{"name":"projects/secufy-50bba/configs/smtp/variables/user","updateTime":"2026-01-18T20:02:49.349459213Z"}]}
[debug] [2026-08-18T15:08:47.112Z] Checked if tokens are valid: true, expires at: 1787069247303
[debug] [2026-08-18T15:08:47.112Z] Checked if tokens are valid: true, expires at: 1787069247303
[debug] [2026-08-18T15:08:47.112Z] Checked if tokens are valid: true, expires at: 1787069247303
[debug] [2026-08-18T15:08:47.112Z] Checked if tokens are valid: true, expires at: 1787069247303
[debug] [2026-08-18T15:08:47.112Z] Checked if tokens are valid: true, expires at: 1787069247303
[debug] [2026-08-18T15:08:47.112Z] Checked if tokens are valid: true, expires at: 1787069247303
[debug] [2026-08-18T15:08:47.112Z] Checked if tokens are valid: true, expires at: 1787069247303
[debug] [2026-08-18T15:08:47.112Z] Checked if tokens are valid: true, expires at: 1787069247303
[debug] [2026-08-18T15:08:47.112Z] >>> [apiv2][query] GET https://runtimeconfig.googleapis.com/v1beta1/projects/secufy-50bba/configs/smtp/variables/host [none]
[debug] [2026-08-18T15:08:47.113Z] >>> [apiv2][query] GET https://runtimeconfig.googleapis.com/v1beta1/projects/secufy-50bba/configs/smtp/variables/pass [none]
[debug] [2026-08-18T15:08:47.114Z] >>> [apiv2][query] GET https://runtimeconfig.googleapis.com/v1beta1/projects/secufy-50bba/configs/smtp/variables/port [none]
[debug] [2026-08-18T15:08:47.116Z] >>> [apiv2][query] GET https://runtimeconfig.googleapis.com/v1beta1/projects/secufy-50bba/configs/smtp/variables/user [none]
[debug] [2026-08-18T15:08:47.179Z] <<< [apiv2][status] GET https://runtimeconfig.googleapis.com/v1beta1/projects/secufy-50bba/configs/docai/variables/location 200
[debug] [2026-08-18T15:08:47.179Z] <<< [apiv2][body] GET https://runtimeconfig.googleapis.com/v1beta1/projects/secufy-50bba/configs/docai/variables/location {"name":"projects/secufy-50bba/configs/docai/variables/location","updateTime":"2025-11-01T01:12:45.039918999Z","text":"eu"}
[debug] [2026-08-18T15:08:47.224Z] <<< [apiv2][status] GET https://runtimeconfig.googleapis.com/v1beta1/projects/secufy-50bba/configs/docai/variables/processor_id 200
[debug] [2026-08-18T15:08:47.225Z] <<< [apiv2][body] GET https://runtimeconfig.googleapis.com/v1beta1/projects/secufy-50bba/configs/docai/variables/processor_id {"name":"projects/secufy-50bba/configs/docai/variables/processor_id","updateTime":"2025-11-01T01:12:37.099225677Z","text":"591b82ac714f1768"}
[debug] [2026-08-18T15:08:47.244Z] <<< [apiv2][status] GET https://runtimeconfig.googleapis.com/v1beta1/projects/secufy-50bba/configs/docai/variables/svpb_image_processor_id 200
[debug] [2026-08-18T15:08:47.244Z] <<< [apiv2][body] GET https://runtimeconfig.googleapis.com/v1beta1/projects/secufy-50bba/configs/docai/variables/svpb_image_processor_id {"name":"projects/secufy-50bba/configs/docai/variables/svpb_image_processor_id","updateTime":"2025-11-01T01:12:45.023985718Z","text":"50e06faa8b72f144"}
[debug] [2026-08-18T15:08:47.244Z] <<< [apiv2][status] GET https://runtimeconfig.googleapis.com/v1beta1/projects/secufy-50bba/configs/docai/variables/project_id 200
[debug] [2026-08-18T15:08:47.245Z] <<< [apiv2][body] GET https://runtimeconfig.googleapis.com/v1beta1/projects/secufy-50bba/configs/docai/variables/project_id {"name":"projects/secufy-50bba/configs/docai/variables/project_id","updateTime":"2025-11-01T01:17:46.655324143Z","text":"366906003807"}
[debug] [2026-08-18T15:08:47.328Z] <<< [apiv2][status] GET https://runtimeconfig.googleapis.com/v1beta1/projects/secufy-50bba/configs/smtp/variables/user 200
[debug] [2026-08-18T15:08:47.328Z] <<< [apiv2][body] GET https://runtimeconfig.googleapis.com/v1beta1/projects/secufy-50bba/configs/smtp/variables/user {"name":"projects/secufy-50bba/configs/smtp/variables/user","updateTime":"2026-01-18T20:02:49.349459213Z","text":"vraagje@secufy.nl"}
[debug] [2026-08-18T15:08:47.332Z] <<< [apiv2][status] GET https://runtimeconfig.googleapis.com/v1beta1/projects/secufy-50bba/configs/smtp/variables/pass 200
[debug] [2026-08-18T15:08:47.332Z] <<< [apiv2][body] GET https://runtimeconfig.googleapis.com/v1beta1/projects/secufy-50bba/configs/smtp/variables/pass {"name":"projects/secufy-50bba/configs/smtp/variables/pass","updateTime":"2026-01-18T20:02:49.867253328Z","text":"SECUFY.sfenza.2023"}
[debug] [2026-08-18T15:08:47.370Z] <<< [apiv2][status] GET https://runtimeconfig.googleapis.com/v1beta1/projects/secufy-50bba/configs/smtp/variables/port 200
[debug] [2026-08-18T15:08:47.370Z] <<< [apiv2][body] GET https://runtimeconfig.googleapis.com/v1beta1/projects/secufy-50bba/configs/smtp/variables/port {"name":"projects/secufy-50bba/configs/smtp/variables/port","updateTime":"2026-01-18T20:02:49.401539810Z","text":"587"}
[debug] [2026-08-18T15:08:47.757Z] <<< [apiv2][status] GET https://runtimeconfig.googleapis.com/v1beta1/projects/secufy-50bba/configs/docai/variables/svpb_processor_id 200
[debug] [2026-08-18T15:08:47.757Z] <<< [apiv2][body] GET https://runtimeconfig.googleapis.com/v1beta1/projects/secufy-50bba/configs/docai/variables/svpb_processor_id {"name":"projects/secufy-50bba/configs/docai/variables/svpb_processor_id","updateTime":"2025-11-01T01:12:45.023818739Z","text":"ff614916062f4f46"}
[debug] [2026-08-18T15:08:47.825Z] <<< [apiv2][status] GET https://runtimeconfig.googleapis.com/v1beta1/projects/secufy-50bba/configs/smtp/variables/host 200
[debug] [2026-08-18T15:08:47.825Z] <<< [apiv2][body] GET https://runtimeconfig.googleapis.com/v1beta1/projects/secufy-50bba/configs/smtp/variables/host {"name":"projects/secufy-50bba/configs/smtp/variables/host","updateTime":"2026-01-18T20:02:49.349413233Z","text":"smtp.hostnet.nl"}
[debug] [2026-08-18T15:08:47.826Z] Validating nodejs source
[warn] !  functions: Runtime Node.js 20 was deprecated on 2026-04-30 and will be decommissioned on 2026-10-30, after which you will not be able to deploy without upgrading. Consider upgrading now to avoid disruption. See https://cloud.google.com/functions/docs/runtime-support for full details on the lifecycle policy 
[warn] !  functions: package.json indicates an outdated version of firebase-functions. Please upgrade using npm install --save firebase-functions@latest in your functions directory. 
[warn] !  functions: Please note that there will be breaking changes when you upgrade. 
[debug] [2026-08-18T15:08:49.855Z] > [functions] package.json contents: {
  "name": "functions",
  "description": "Cloud Functions for Secufy Website",
  "scripts": {
    "serve": "firebase emulators:start --only functions",
    "shell": "firebase functions:shell",
    "start": "npm run shell",
    "deploy": "firebase deploy --only functions",
    "logs": "firebase functions:log"
  },
  "engines": {
    "node": "20"
  },
  "main": "index.js",
  "dependencies": {
    "cors": "^2.8.5",
    "dotenv": "^17.2.3",
    "firebase-admin": "^11.8.0",
    "firebase-functions": "^4.3.1",
    "nodemailer": "^6.9.3"
  },
  "devDependencies": {
    "firebase-functions-test": "^3.1.0"
  },
  "private": true
}
[debug] [2026-08-18T15:08:49.855Z] Building nodejs source
[info] i  functions: Loading and analyzing source code for codebase default to determine what to deploy 
[info] i  functions: You are using a version of firebase-functions SDK (4.9.0) that does not have support for the newest Firebase Extensions features. Please update firebase-functions SDK to >=5.1.0 to use them correctly 
[debug] [2026-08-18T15:08:49.859Z] Could not find functions.yaml. Must use http discovery
[debug] [2026-08-18T15:08:49.885Z] Found firebase-functions binary at 'C:\Users\moh_b\CascadeProjects\windsurf-project-8\functions\node_modules\.bin\firebase-functions'
[info] Serving at port 8038

[info] [dotenv@17.2.3] injecting env (4) from .env -- tip: 🔐 prevent committing .env to code: https://dotenvx.com/precommit

[debug] [2026-08-18T15:08:51.417Z] Got response from /__/functions.yaml {"endpoints":{"sendEmail":{"platform":"gcfv1","availableMemoryMb":null,"timeoutSeconds":null,"minInstances":null,"maxInstances":null,"ingressSettings":null,"serviceAccountEmail":null,"vpc":null,"httpsTrigger":{},"entryPoint":"sendEmail"},"onQuotationCreated":{"platform":"gcfv1","availableMemoryMb":null,"timeoutSeconds":null,"minInstances":null,"maxInstances":null,"ingressSettings":null,"serviceAccountEmail":null,"vpc":null,"eventTrigger":{"eventType":"providers/cloud.firestore/eventTypes/document.create","eventFilters":{"resource":"projects/secufy-50bba/databases/(default)/documents/quotations/{quotationId}"},"retry":false},"labels":{},"entryPoint":"onQuotationCreated"},"onComplaintCreated":{"platform":"gcfv1","availableMemoryMb":null,"timeoutSeconds":null,"minInstances":null,"maxInstances":null,"ingressSettings":null,"serviceAccountEmail":null,"vpc":null,"eventTrigger":{"eventType":"providers/cloud.firestore/eventTypes/document.create","eventFilters":{"resource":"projects/secufy-50bba/databases/(default)/documents/complaints/{complaintId}"},"retry":false},"labels":{},"entryPoint":"onComplaintCreated"},"onRecruitmentCreated":{"platform":"gcfv1","availableMemoryMb":null,"timeoutSeconds":null,"minInstances":null,"maxInstances":null,"ingressSettings":null,"serviceAccountEmail":null,"vpc":null,"eventTrigger":{"eventType":"providers/cloud.firestore/eventTypes/document.create","eventFilters":{"resource":"projects/secufy-50bba/databases/(default)/documents/recruitment/{recruitmentId}"},"retry":false},"labels":{},"entryPoint":"onRecruitmentCreated"}},"specVersion":"v1alpha1","requiredAPIs":[]}
[debug] [2026-08-18T15:08:54.482Z] Checked if tokens are valid: true, expires at: 1787069247303
[debug] [2026-08-18T15:08:54.482Z] Checked if tokens are valid: true, expires at: 1787069247303
[debug] [2026-08-18T15:08:54.483Z] >>> [apiv2][query] GET https://cloudfunctions.googleapis.com/v1/projects/secufy-50bba/locations/-/functions [none]
[debug] [2026-08-18T15:08:55.119Z] <<< [apiv2][status] GET https://cloudfunctions.googleapis.com/v1/projects/secufy-50bba/locations/-/functions 200
[debug] [2026-08-18T15:08:55.119Z] <<< [apiv2][body] GET https://cloudfunctions.googleapis.com/v1/projects/secufy-50bba/locations/-/functions {"functions":[{"name":"projects/secufy-50bba/locations/europe-west1/functions/sendPoliceEmail","httpsTrigger":{"url":"https://europe-west1-secufy-50bba.cloudfunctions.net/sendPoliceEmail","securityLevel":"SECURE_ALWAYS"},"status":"ACTIVE","entryPoint":"sendPoliceEmail","timeout":"60s","availableMemoryMb":256,"serviceAccountEmail":"secufy-50bba@appspot.gserviceaccount.com","updateTime":"2026-08-09T12:37:55.222776369Z","versionId":"14","labels":{"deployment-tool":"cli-firebase","firebase-functions-hash":"97a28979afd6bb050fecf9f3d08add430493b9aa"},"sourceUploadUrl":"https://storage.googleapis.com/uploads-390354051669.europe-west1.cloudfunctions.appspot.com/e2c111ed-00bb-4e7f-9f1c-b7728465bc13.zip","environmentVariables":{"FIREBASE_CONFIG":"{\"projectId\":\"secufy-50bba\",\"storageBucket\":\"secufy-50bba.firebasestorage.app\"}","GCLOUD_PROJECT":"secufy-50bba","EVENTARC_CLOUD_EVENT_SOURCE":"projects/secufy-50bba/locations/europe-west1/functions/sendPoliceEmail"},"runtime":"nodejs20","ingressSettings":"ALLOW_ALL","buildId":"3b2cd52c-9271-44e1-94b3-5e24e0ab109e","buildEnvironmentVariables":{"GOOGLE_NODE_RUN_SCRIPTS":""},"buildName":"projects/873623578558/locations/europe-west1/builds/3b2cd52c-9271-44e1-94b3-5e24e0ab109e","dockerRegistry":"ARTIFACT_REGISTRY","automaticUpdatePolicy":{},"buildServiceAccount":"projects/secufy-50bba/serviceAccounts/873623578558-compute@developer.gserviceaccount.com","satisfiesPzi":true},{"name":"projects/secufy-50bba/locations/europe-west1/functions/sendOnboardingEmail","httpsTrigger":{"url":"https://europe-west1-secufy-50bba.cloudfunctions.net/sendOnboardingEmail","securityLevel":"SECURE_ALWAYS"},"status":"ACTIVE","entryPoint":"sendOnboardingEmail","timeout":"60s","availableMemoryMb":256,"serviceAccountEmail":"secufy-50bba@appspot.gserviceaccount.com","updateTime":"2026-08-09T12:37:55.221014538Z","versionId":"8","labels":{"deployment-tool":"cli-firebase","firebase-functions-hash":"97a28979afd6bb050fecf9f3d08add430493b9aa"},"sourceUploadUrl":"https://storage.googleapis.com/uploads-390354051669.europe-west1.cloudfunctions.appspot.com/f20c1987-b4fb-4a7d-a307-4037a3198fb2.zip","environmentVariables":{"FIREBASE_CONFIG":"{\"projectId\":\"secufy-50bba\",\"storageBucket\":\"secufy-50bba.firebasestorage.app\"}","GCLOUD_PROJECT":"secufy-50bba","EVENTARC_CLOUD_EVENT_SOURCE":"projects/secufy-50bba/locations/europe-west1/functions/sendOnboardingEmail"},"runtime":"nodejs20","ingressSettings":"ALLOW_ALL","buildId":"9fbf86be-45c1-416f-ac8a-99669b9be3a6","buildEnvironmentVariables":{"GOOGLE_NODE_RUN_SCRIPTS":""},"buildName":"projects/873623578558/locations/europe-west1/builds/9fbf86be-45c1-416f-ac8a-99669b9be3a6","dockerRegistry":"ARTIFACT_REGISTRY","automaticUpdatePolicy":{},"buildServiceAccount":"projects/secufy-50bba/serviceAccounts/873623578558-compute@developer.gserviceaccount.com","satisfiesPzi":true},{"name":"projects/secufy-50bba/locations/europe-west1/functions/extractSVPB","httpsTrigger":{"url":"https://europe-west1-secufy-50bba.cloudfunctions.net/extractSVPB","securityLevel":"SECURE_ALWAYS"},"status":"ACTIVE","entryPoint":"extractSVPB","timeout":"60s","availableMemoryMb":256,"serviceAccountEmail":"secufy-50bba@appspot.gserviceaccount.com","updateTime":"2026-08-09T12:37:55.245251930Z","versionId":"8","labels":{"deployment-tool":"cli-firebase","firebase-functions-hash":"97a28979afd6bb050fecf9f3d08add430493b9aa"},"sourceUploadUrl":"https://storage.googleapis.com/uploads-390354051669.europe-west1.cloudfunctions.appspot.com/f20c1987-b4fb-4a7d-a307-4037a3198fb2.zip","environmentVariables":{"FIREBASE_CONFIG":"{\"projectId\":\"secufy-50bba\",\"storageBucket\":\"secufy-50bba.firebasestorage.app\"}","GCLOUD_PROJECT":"secufy-50bba","EVENTARC_CLOUD_EVENT_SOURCE":"projects/secufy-50bba/locations/europe-west1/functions/extractSVPB"},"runtime":"nodejs20","ingressSettings":"ALLOW_ALL","buildId":"9fbf86be-45c1-416f-ac8a-99669b9be3a6","buildEnvironmentVariables":{"GOOGLE_NODE_RUN_SCRIPTS":""},"buildName":"projects/873623578558/locations/europe-west1/builds/9fbf86be-45c1-416f-ac8a-99669b9be3a6","dockerRegistry":"ARTIFACT_REGISTRY","automaticUpdatePolicy":{},"buildServiceAccount":"projects/secufy-50bba/serviceAccounts/873623578558-compute@developer.gserviceaccount.com","satisfiesPzi":true},{"name":"projects/secufy-50bba/locations/europe-west1/functions/processDocumentV2","httpsTrigger":{"url":"https://europe-west1-secufy-50bba.cloudfunctions.net/processDocumentV2","securityLevel":"SECURE_ALWAYS"},"status":"ACTIVE","entryPoint":"processDocumentV2","timeout":"120s","availableMemoryMb":2048,"serviceAccountEmail":"secufy-50bba@appspot.gserviceaccount.com","updateTime":"2026-08-09T12:37:55.274518841Z","versionId":"9","labels":{"deployment-tool":"cli-firebase","firebase-functions-hash":"97a28979afd6bb050fecf9f3d08add430493b9aa"},"sourceUploadUrl":"https://storage.googleapis.com/uploads-390354051669.europe-west1.cloudfunctions.appspot.com/f20c1987-b4fb-4a7d-a307-4037a3198fb2.zip","environmentVariables":{"FIREBASE_CONFIG":"{\"projectId\":\"secufy-50bba\",\"storageBucket\":\"secufy-50bba.firebasestorage.app\"}","GCLOUD_PROJECT":"secufy-50bba","EVENTARC_CLOUD_EVENT_SOURCE":"projects/secufy-50bba/locations/europe-west1/functions/processDocumentV2"},"runtime":"nodejs20","maxInstances":100,"ingressSettings":"ALLOW_ALL","buildId":"0512f4dd-9da1-4e17-acfd-2ecfa79d79d9","buildEnvironmentVariables":{"GOOGLE_NODE_RUN_SCRIPTS":""},"buildName":"projects/873623578558/locations/europe-west1/builds/0512f4dd-9da1-4e17-acfd-2ecfa79d79d9","dockerRegistry":"ARTIFACT_REGISTRY","automaticUpdatePolicy":{},"buildServiceAccount":"projects/secufy-50bba/serviceAccounts/873623578558-compute@developer.gserviceaccount.com","satisfiesPzi":true},{"name":"projects/secufy-50bba/locations/europe-west1/functions/scanIdDocument","httpsTrigger":{"url":"https://europe-west1-secufy-50bba.cloudfunctions.net/scanIdDocument","securityLevel":"SECURE_ALWAYS"},"status":"ACTIVE","entryPoint":"scanIdDocument","timeout":"60s","availableMemoryMb":256,"serviceAccountEmail":"secufy-50bba@appspot.gserviceaccount.com","updateTime":"2026-08-09T12:37:55.296662242Z","versionId":"4","labels":{"deployment-tool":"cli-firebase","firebase-functions-hash":"97a28979afd6bb050fecf9f3d08add430493b9aa"},"sourceUploadUrl":"https://storage.googleapis.com/uploads-390354051669.europe-west1.cloudfunctions.appspot.com/f20c1987-b4fb-4a7d-a307-4037a3198fb2.zip","environmentVariables":{"FIREBASE_CONFIG":"{\"projectId\":\"secufy-50bba\",\"storageBucket\":\"secufy-50bba.firebasestorage.app\"}","GCLOUD_PROJECT":"secufy-50bba","EVENTARC_CLOUD_EVENT_SOURCE":"projects/secufy-50bba/locations/europe-west1/functions/scanIdDocument"},"runtime":"nodejs20","ingressSettings":"ALLOW_ALL","buildId":"9fbf86be-45c1-416f-ac8a-99669b9be3a6","buildEnvironmentVariables":{"GOOGLE_NODE_RUN_SCRIPTS":""},"buildName":"projects/873623578558/locations/europe-west1/builds/9fbf86be-45c1-416f-ac8a-99669b9be3a6","dockerRegistry":"ARTIFACT_REGISTRY","automaticUpdatePolicy":{},"buildServiceAccount":"projects/secufy-50bba/serviceAccounts/873623578558-compute@developer.gserviceaccount.com","satisfiesPzi":true},{"name":"projects/secufy-50bba/locations/europe-west1/functions/migrateEmailAttachments","httpsTrigger":{"url":"https://europe-west1-secufy-50bba.cloudfunctions.net/migrateEmailAttachments","securityLevel":"SECURE_ALWAYS"},"status":"ACTIVE","entryPoint":"migrateEmailAttachments","timeout":"540s","availableMemoryMb":1024,"serviceAccountEmail":"secufy-50bba@appspot.gserviceaccount.com","updateTime":"2026-08-09T12:37:55.310646133Z","versionId":"2","labels":{"deployment-tool":"cli-firebase","firebase-functions-hash":"97a28979afd6bb050fecf9f3d08add430493b9aa"},"sourceUploadUrl":"https://storage.googleapis.com/uploads-390354051669.europe-west1.cloudfunctions.appspot.com/f20c1987-b4fb-4a7d-a307-4037a3198fb2.zip","environmentVariables":{"FIREBASE_CONFIG":"{\"projectId\":\"secufy-50bba\",\"storageBucket\":\"secufy-50bba.firebasestorage.app\"}","GCLOUD_PROJECT":"secufy-50bba","EVENTARC_CLOUD_EVENT_SOURCE":"projects/secufy-50bba/locations/europe-west1/functions/migrateEmailAttachments"},"runtime":"nodejs20","ingressSettings":"ALLOW_ALL","buildId":"85390520-08b4-4ca1-9a30-18e1228babc8","buildEnvironmentVariables":{"GOOGLE_NODE_RUN_SCRIPTS":""},"buildName":"projects/873623578558/locations/europe-west1/builds/85390520-08b4-4ca1-9a30-18e1228babc8","dockerRegistry":"ARTIFACT_REGISTRY","automaticUpdatePolicy":{},"buildServiceAccount":"projects/secufy-50bba/serviceAccounts/873623578558-compute@developer.gserviceaccount.com","satisfiesPzi":true},{"name":"projects/secufy-50bba/locations/us-central1/functions/onRecruitmentCreated","eventTrigger":{"eventType":"providers/cloud.firestore/eventTypes/document.create","resource":"projects/secufy-50bba/databases/(default)/documents/recruitment/{recruitmentId}","service":"firestore.googleapis.com","failurePolicy":{}},"status":"ACTIVE","entryPoint":"onRecruitmentCreated","timeout":"60s","availableMemoryMb":256,"serviceAccountEmail":"secufy-50bba@appspot.gserviceaccount.com","updateTime":"2026-08-09T12:37:55.230726786Z","versionId":"2","labels":{"deployment-tool":"cli-firebase","firebase-functions-hash":"85ca177eac66d2c833f3825076ea4986c3b15a99"},"sourceUploadUrl":"https://storage.googleapis.com/uploads-373708666935.us-central1.cloudfunctions.appspot.com/5ac0a21a-5786-427b-a4e2-fe5e0788831d.zip","environmentVariables":{"SMTP_HOST":"smtp.hostnet.nl","SMTP_PORT":"587","SMTP_USER":"vraagje@secufy.nl","SMTP_PASS":"SECUFY.sfenza.2023","FIREBASE_CONFIG":"{\"projectId\":\"secufy-50bba\",\"storageBucket\":\"secufy-50bba.firebasestorage.app\"}","GCLOUD_PROJECT":"secufy-50bba","EVENTARC_CLOUD_EVENT_SOURCE":"projects/secufy-50bba/locations/us-central1/functions/onRecruitmentCreated"},"runtime":"nodejs20","maxInstances":3000,"ingressSettings":"ALLOW_ALL","buildId":"3c7b3e84-7f68-4fc0-8c57-81bc776491f6","buildEnvironmentVariables":{"GOOGLE_NODE_RUN_SCRIPTS":""},"buildName":"projects/873623578558/locations/us-central1/builds/3c7b3e84-7f68-4fc0-8c57-81bc776491f6","dockerRegistry":"ARTIFACT_REGISTRY","automaticUpdatePolicy":{},"buildServiceAccount":"projects/secufy-50bba/serviceAccounts/873623578558-compute@developer.gserviceaccount.com","satisfiesPzi":true},{"name":"projects/secufy-50bba/locations/us-central1/functions/sendEmail","httpsTrigger":{"url":"https://us-central1-secufy-50bba.cloudfunctions.net/sendEmail","securityLevel":"SECURE_ALWAYS"},"status":"ACTIVE","entryPoint":"sendEmail","timeout":"60s","availableMemoryMb":256,"serviceAccountEmail":"secufy-50bba@appspot.gserviceaccount.com","updateTime":"2026-08-09T12:37:55.284676895Z","versionId":"3","labels":{"deployment-tool":"cli-firebase","firebase-functions-hash":"85ca177eac66d2c833f3825076ea4986c3b15a99"},"sourceUploadUrl":"https://storage.googleapis.com/uploads-373708666935.us-central1.cloudfunctions.appspot.com/5ac0a21a-5786-427b-a4e2-fe5e0788831d.zip","environmentVariables":{"SMTP_HOST":"smtp.hostnet.nl","SMTP_PORT":"587","SMTP_USER":"vraagje@secufy.nl","SMTP_PASS":"SECUFY.sfenza.2023","FIREBASE_CONFIG":"{\"projectId\":\"secufy-50bba\",\"storageBucket\":\"secufy-50bba.firebasestorage.app\"}","GCLOUD_PROJECT":"secufy-50bba","EVENTARC_CLOUD_EVENT_SOURCE":"projects/secufy-50bba/locations/us-central1/functions/sendEmail"},"runtime":"nodejs20","ingressSettings":"ALLOW_ALL","buildId":"3c7b3e84-7f68-4fc0-8c57-81bc776491f6","buildEnvironmentVariables":{"GOOGLE_NODE_RUN_SCRIPTS":""},"buildName":"projects/873623578558/locations/us-central1/builds/3c7b3e84-7f68-4fc0-8c57-81bc776491f6","dockerRegistry":"ARTIFACT_REGISTRY","automaticUpdatePolicy":{},"buildServiceAccount":"projects/secufy-50bba/serviceAccounts/873623578558-compute@developer.gserviceaccount.com","satisfiesPzi":true},{"name":"projects/secufy-50bba/locations/us-central1/functions/onQuotationCreated","eventTrigger":{"eventType":"providers/cloud.firestore/eventTypes/document.create","resource":"projects/secufy-50bba/databases/(default)/documents/quotations/{quotationId}","service":"firestore.googleapis.com","failurePolicy":{}},"status":"ACTIVE","entryPoint":"onQuotationCreated","timeout":"60s","availableMemoryMb":256,"serviceAccountEmail":"secufy-50bba@appspot.gserviceaccount.com","updateTime":"2026-08-09T12:37:55.291314380Z","versionId":"3","labels":{"deployment-tool":"cli-firebase","firebase-functions-hash":"85ca177eac66d2c833f3825076ea4986c3b15a99"},"sourceUploadUrl":"https://storage.googleapis.com/uploads-373708666935.us-central1.cloudfunctions.appspot.com/5ac0a21a-5786-427b-a4e2-fe5e0788831d.zip","environmentVariables":{"SMTP_HOST":"smtp.hostnet.nl","SMTP_PORT":"587","SMTP_USER":"vraagje@secufy.nl","SMTP_PASS":"SECUFY.sfenza.2023","FIREBASE_CONFIG":"{\"projectId\":\"secufy-50bba\",\"storageBucket\":\"secufy-50bba.firebasestorage.app\"}","GCLOUD_PROJECT":"secufy-50bba","EVENTARC_CLOUD_EVENT_SOURCE":"projects/secufy-50bba/locations/us-central1/functions/onQuotationCreated"},"runtime":"nodejs20","maxInstances":3000,"ingressSettings":"ALLOW_ALL","buildId":"3c7b3e84-7f68-4fc0-8c57-81bc776491f6","buildEnvironmentVariables":{"GOOGLE_NODE_RUN_SCRIPTS":""},"buildName":"projects/873623578558/locations/us-central1/builds/3c7b3e84-7f68-4fc0-8c57-81bc776491f6","dockerRegistry":"ARTIFACT_REGISTRY","automaticUpdatePolicy":{},"buildServiceAccount":"projects/secufy-50bba/serviceAccounts/873623578558-compute@developer.gserviceaccount.com","satisfiesPzi":true},{"name":"projects/secufy-50bba/locations/us-central1/functions/onComplaintCreated","eventTrigger":{"eventType":"providers/cloud.firestore/eventTypes/document.create","resource":"projects/secufy-50bba/databases/(default)/documents/complaints/{complaintId}","service":"firestore.googleapis.com","failurePolicy":{}},"status":"ACTIVE","entryPoint":"onComplaintCreated","timeout":"60s","availableMemoryMb":256,"serviceAccountEmail":"secufy-50bba@appspot.gserviceaccount.com","updateTime":"2026-08-09T12:37:55.212330406Z","versionId":"3","labels":{"deployment-tool":"cli-firebase","firebase-functions-hash":"85ca177eac66d2c833f3825076ea4986c3b15a99"},"sourceUploadUrl":"https://storage.googleapis.com/uploads-373708666935.us-central1.cloudfunctions.appspot.com/5ac0a21a-5786-427b-a4e2-fe5e0788831d.zip","environmentVariables":{"SMTP_HOST":"smtp.hostnet.nl","SMTP_PORT":"587","SMTP_USER":"vraagje@secufy.nl","SMTP_PASS":"SECUFY.sfenza.2023","FIREBASE_CONFIG":"{\"projectId\":\"secufy-50bba\",\"storageBucket\":\"secufy-50bba.firebasestorage.app\"}","GCLOUD_PROJECT":"secufy-50bba","EVENTARC_CLOUD_EVENT_SOURCE":"projects/secufy-50bba/locations/us-central1/functions/onComplaintCreated"},"runtime":"nodejs20","maxInstances":3000,"ingressSettings":"ALLOW_ALL","buildId":"3c7b3e84-7f68-4fc0-8c57-81bc776491f6","buildEnvironmentVariables":{"GOOGLE_NODE_RUN_SCRIPTS":""},"buildName":"projects/873623578558/locations/us-central1/builds/3c7b3e84-7f68-4fc0-8c57-81bc776491f6","dockerRegistry":"ARTIFACT_REGISTRY","automaticUpdatePolicy":{},"buildServiceAccount":"projects/secufy-50bba/serviceAccounts/873623578558-compute@developer.gserviceaccount.com","satisfiesPzi":true}]}
[debug] [2026-08-18T15:08:55.121Z] Checked if tokens are valid: true, expires at: 1787069247303
[debug] [2026-08-18T15:08:55.121Z] Checked if tokens are valid: true, expires at: 1787069247303
[debug] [2026-08-18T15:08:55.122Z] >>> [apiv2][query] GET https://cloudfunctions.googleapis.com/v2/projects/secufy-50bba/locations/-/functions filter=environment%3D%22GEN_2%22
[debug] [2026-08-18T15:08:56.132Z] <<< [apiv2][status] GET https://cloudfunctions.googleapis.com/v2/projects/secufy-50bba/locations/-/functions 200
[debug] [2026-08-18T15:08:56.132Z] <<< [apiv2][body] GET https://cloudfunctions.googleapis.com/v2/projects/secufy-50bba/locations/-/functions {}
[info] i  functions: Loaded environment variables from .env. 
[info] i  functions: preparing functions directory for uploading... 
[info] i  functions: packaged C:\Users\moh_b\CascadeProjects\windsurf-project-8\functions (77.03 KB) for uploading 
[debug] [2026-08-18T15:08:56.204Z] Checked if tokens are valid: true, expires at: 1787069247303
[debug] [2026-08-18T15:08:56.204Z] Checked if tokens are valid: true, expires at: 1787069247303
[debug] [2026-08-18T15:08:56.205Z] >>> [apiv2][query] GET https://firestore.googleapis.com/v1/projects/secufy-50bba/databases/(default) [none]
[debug] [2026-08-18T15:08:57.327Z] <<< [apiv2][status] GET https://firestore.googleapis.com/v1/projects/secufy-50bba/databases/(default) 200
[debug] [2026-08-18T15:08:57.328Z] <<< [apiv2][body] GET https://firestore.googleapis.com/v1/projects/secufy-50bba/databases/(default) {"name":"projects/secufy-50bba/databases/(default)","uid":"a103547a-6d64-4887-8d8b-d5a885a7c696","createTime":"2025-11-01T00:46:34.502482Z","updateTime":"2025-11-01T00:46:34.502482Z","locationId":"nam5","type":"FIRESTORE_NATIVE","concurrencyMode":"PESSIMISTIC","versionRetentionPeriod":"3600s","earliestVersionTime":"2026-08-18T14:08:56.540214Z","appEngineIntegrationMode":"DISABLED","keyPrefix":"s","pointInTimeRecoveryEnablement":"POINT_IN_TIME_RECOVERY_DISABLED","deleteProtectionState":"DELETE_PROTECTION_DISABLED","databaseEdition":"STANDARD","freeTier":true,"realtimeUpdatesMode":"REALTIME_UPDATES_MODE_ENABLED","etag":"IKPbqtO6qpYDMK3g8aeg5pID"}
[debug] [2026-08-18T15:08:57.335Z] Checked if tokens are valid: true, expires at: 1787069247303
[debug] [2026-08-18T15:08:57.335Z] Checked if tokens are valid: true, expires at: 1787069247303
[debug] [2026-08-18T15:08:57.335Z] >>> [apiv2][query] GET https://cloudresourcemanager.googleapis.com/v1/projects/secufy-50bba [none]
[debug] [2026-08-18T15:08:58.073Z] <<< [apiv2][status] GET https://cloudresourcemanager.googleapis.com/v1/projects/secufy-50bba 200
[debug] [2026-08-18T15:08:58.073Z] <<< [apiv2][body] GET https://cloudresourcemanager.googleapis.com/v1/projects/secufy-50bba {"projectNumber":"873623578558","projectId":"secufy-50bba","lifecycleState":"ACTIVE","name":"Secufy","labels":{"firebase":"enabled","firebase-core":"disabled"},"createTime":"2025-11-01T00:16:53.780387Z"}
[debug] [2026-08-18T15:08:58.076Z] Checked if tokens are valid: true, expires at: 1787069247303
[debug] [2026-08-18T15:08:58.076Z] Checked if tokens are valid: true, expires at: 1787069247303
[debug] [2026-08-18T15:08:58.076Z] >>> [apiv2][query] POST https://cloudfunctions.googleapis.com/v1/projects/secufy-50bba/locations/us-central1/functions:generateUploadUrl [none]
[debug] [2026-08-18T15:08:58.076Z] >>> [apiv2][body] POST https://cloudfunctions.googleapis.com/v1/projects/secufy-50bba/locations/us-central1/functions:generateUploadUrl {}
[debug] [2026-08-18T15:08:59.122Z] <<< [apiv2][status] POST https://cloudfunctions.googleapis.com/v1/projects/secufy-50bba/locations/us-central1/functions:generateUploadUrl 200
[debug] [2026-08-18T15:08:59.122Z] <<< [apiv2][body] POST https://cloudfunctions.googleapis.com/v1/projects/secufy-50bba/locations/us-central1/functions:generateUploadUrl {"uploadUrl":"https://storage.googleapis.com/uploads-373708666935.us-central1.cloudfunctions.appspot.com/f3c8e1dc-45f7-4e06-ac5e-4479d4df79bb.zip?GoogleAccessId=service-873623578558@gcf-admin-robot.iam.gserviceaccount.com&Expires=1787067538&Signature=REYwt9EyKV6ERHUJepVa6JKJfO9t1iW97GACnwfpctnBXwFmmjsl2NcaVd15eC%2FxleyEjLc8XsCTQNH1EVVvKcUtXmBSwOJRwRjhVYGZ%2Bm4V9J37iOO9%2F65wPnxjZ8OX32uxOJcw6BtejzDC5na3yVAm0d%2BfxRfCYRBVt%2FayiEyZdu8fEUV42RQLZ1axqEIOVxDKS%2FE4CxzAaxO4Pu4C3QUDiTSEHQEE2ahipGTpObJdZiL3alN0FpLZKUO5KbgOnXrDHlO%2BNRyUSwBu%2FgilxOCsU5rEa3I2%2FRRkhBgyQmq0gilK2548VtxKVMuVzbogz8SpZ9OVUkQeKtSkJxo4Pg%3D%3D"}
[debug] [2026-08-18T15:08:59.124Z] >>> [apiv2][query] PUT https://storage.googleapis.com/uploads-373708666935.us-central1.cloudfunctions.appspot.com/f3c8e1dc-45f7-4e06-ac5e-4479d4df79bb.zip GoogleAccessId=service-873623578558%40gcf-admin-robot.iam.gserviceaccount.com&Expires=1787067538&Signature=REYwt9EyKV6ERHUJepVa6JKJfO9t1iW97GACnwfpctnBXwFmmjsl2NcaVd15eC%2FxleyEjLc8XsCTQNH1EVVvKcUtXmBSwOJRwRjhVYGZ%2Bm4V9J37iOO9%2F65wPnxjZ8OX32uxOJcw6BtejzDC5na3yVAm0d%2BfxRfCYRBVt%2FayiEyZdu8fEUV42RQLZ1axqEIOVxDKS%2FE4CxzAaxO4Pu4C3QUDiTSEHQEE2ahipGTpObJdZiL3alN0FpLZKUO5KbgOnXrDHlO%2BNRyUSwBu%2FgilxOCsU5rEa3I2%2FRRkhBgyQmq0gilK2548VtxKVMuVzbogz8SpZ9OVUkQeKtSkJxo4Pg%3D%3D
[debug] [2026-08-18T15:08:59.124Z] >>> [apiv2][body] PUT https://storage.googleapis.com/uploads-373708666935.us-central1.cloudfunctions.appspot.com/f3c8e1dc-45f7-4e06-ac5e-4479d4df79bb.zip [stream]
[debug] [2026-08-18T15:08:59.622Z] <<< [apiv2][status] PUT https://storage.googleapis.com/uploads-373708666935.us-central1.cloudfunctions.appspot.com/f3c8e1dc-45f7-4e06-ac5e-4479d4df79bb.zip 200
[debug] [2026-08-18T15:08:59.622Z] <<< [apiv2][body] PUT https://storage.googleapis.com/uploads-373708666935.us-central1.cloudfunctions.appspot.com/f3c8e1dc-45f7-4e06-ac5e-4479d4df79bb.zip [omitted]
[info] +  functions: functions source uploaded successfully 
[error] 
[error] Error: The following functions are found in your project but do not exist in your local source code:
	extractSVPB(europe-west1)
	migrateEmailAttachments(europe-west1)
	processDocumentV2(europe-west1)
	scanIdDocument(europe-west1)
	sendOnboardingEmail(europe-west1)
	sendPoliceEmail(europe-west1)

Aborting because deletion cannot proceed in non-interactive mode. To fix, manually delete the functions by running:
	firebase functions:delete extractSVPB --region europe-west1
	firebase functions:delete migrateEmailAttachments --region europe-west1
	firebase functions:delete processDocumentV2 --region europe-west1
	firebase functions:delete scanIdDocument --region europe-west1
	firebase functions:delete sendOnboardingEmail --region europe-west1
	firebase functions:delete sendPoliceEmail --region europe-west1
